# step rebuild-database (run) in phase recover
# start 2026-10-08T14:27:56.160703508Z
# attempt 1

PLAY [Prepare the DR site] *****************************************************

TASK [Wait for SSH] ************************************************************
ok: [obj-a]
ok: [app-a]
ok: [db-a]

TASK [Load SOPS secrets] *******************************************************
ok: [app-a]
ok: [db-a]
ok: [obj-a]

TASK [Gather facts] ************************************************************
ok: [db-a]
ok: [app-a]
ok: [obj-a]

PLAY [Base configuration] ******************************************************

TASK [Gathering Facts] *********************************************************
ok: [app-a]
ok: [db-a]
ok: [obj-a]

TASK [base : Install base packages] ********************************************
ok: [app-a]
ok: [obj-a]
ok: [db-a]

TASK [base : Trust the disavery CA] ********************************************
ok: [obj-a]
ok: [app-a]
ok: [db-a]

TASK [base : Apply CA changes now] *********************************************

TASK [base : Apply CA changes now] *********************************************

TASK [base : Apply CA changes now] *********************************************

PLAY [Object store] ************************************************************

TASK [Gathering Facts] *********************************************************
ok: [obj-a]

TASK [minio : Create minio-user] ***********************************************
ok: [obj-a]

TASK [minio : Install MinIO server] ********************************************
ok: [obj-a]

TASK [minio : Install MinIO client] ********************************************
ok: [obj-a]

TASK [minio : Create MinIO directories] ****************************************
ok: [obj-a] => (item=/var/lib/minio)
ok: [obj-a] => (item=/etc/minio/certs)
ok: [obj-a] => (item=/etc/minio/certs/CAs)

TASK [minio : Trust the disavery CA for outbound TLS (replication)] ************
ok: [obj-a]

TASK [minio : Install the vault TLS certificate] *******************************
skipping: [obj-a] => (item=public.crt) 
skipping: [obj-a] => (item=private.key) 
skipping: [obj-a]

TASK [minio : Write MinIO environment] *****************************************
ok: [obj-a]

TASK [minio : Install MinIO unit] **********************************************
ok: [obj-a]

TASK [minio : Start MinIO] *****************************************************
ok: [obj-a]

TASK [minio : Apply MinIO restarts now] ****************************************

TASK [minio : Wait for MinIO to be ready] **************************************
ok: [obj-a]

TASK [minio : Configure the local mc alias] ************************************
ok: [obj-a]

TASK [minio : Apply profile-specific configuration] ****************************
included: /work/infra/ansible/roles/minio/tasks/site.yml for obj-a

TASK [minio : Create the attachments bucket] ***********************************
ok: [obj-a]

TASK [minio : Enable versioning] ***********************************************
ok: [obj-a]

TASK [minio : Copy the docsvc policy] ******************************************
ok: [obj-a]

TASK [minio : Create the docsvc policy] ****************************************
ok: [obj-a]

TASK [minio : Create the docsvc user] ******************************************
ok: [obj-a]

TASK [minio : Read the docsvc user's policies] *********************************
ok: [obj-a]

TASK [minio : Attach the policy to docsvc] *************************************
skipping: [obj-a]

TASK [minio : Read replication rules] ******************************************
ok: [obj-a]

TASK [minio : Index replication rules by priority] *****************************
ok: [obj-a]

TASK [minio : Replicate attachments to the vault] ******************************
skipping: [obj-a]

TASK [minio : Replicate attachments to the standby site] ***********************
skipping: [obj-a]

TASK [minio : Stop replicating to a site that is no longer a standby] **********
skipping: [obj-a]

TASK [minio : Point mc at the active site's store] *****************************
skipping: [obj-a]

TASK [minio : Copy the attachments the standby lacks] **************************
skipping: [obj-a]

PLAY [Database from repo2] *****************************************************

TASK [Gathering Facts] *********************************************************
ok: [db-a]

TASK [restore : Check the restore parameters] **********************************
ok: [db-a] => 
    changed: false
    msg: All assertions passed

TASK [Install PostgreSQL] ******************************************************
included: postgres for db-a

TASK [postgres : Add the PGDG signing key] *************************************
ok: [db-a]

TASK [postgres : Add the PGDG repository] **************************************
ok: [db-a]

TASK [postgres : Install postgresql-common] ************************************
ok: [db-a]

TASK [postgres : Create the createcluster.d directory] *************************
ok: [db-a]

TASK [postgres : Create new clusters with data checksums] **********************
ok: [db-a]

TASK [postgres : Install PostgreSQL] *******************************************
ok: [db-a]

TASK [Install and configure pgBackRest] ****************************************
included: pgbackrest for db-a

TASK [pgbackrest : Install pgBackRest] *****************************************
ok: [db-a]

TASK [pgbackrest : Remove the legacy configuration file] ***********************
ok: [db-a]

TASK [pgbackrest : Create pgBackRest directories] ******************************
ok: [db-a] => (item=/etc/pgbackrest)
ok: [db-a] => (item=/var/lib/pgbackrest)
ok: [db-a] => (item=/var/spool/pgbackrest)
ok: [db-a] => (item=/var/log/pgbackrest)

TASK [pgbackrest : Configure pgBackRest] ***************************************
ok: [db-a]

TASK [restore : Never archive from an isolated restore] ************************
skipping: [db-a]

TASK [Archive from a restore that becomes the primary] *************************
included: postgres for db-a

TASK [postgres : Configure PostgreSQL] *****************************************
ok: [db-a]

TASK [postgres : Allow application and replication connections] ****************
ok: [db-a]

TASK [postgres : Let PostgreSQL authenticate as replicator to other sites] *****
ok: [db-a]

TASK [postgres : Create the PostgreSQL unit drop-in directory] *****************
ok: [db-a]

TASK [postgres : Checkpoint after every start so archive_timeout applies at once] ***
ok: [db-a]

TASK [postgres : Load the unit drop-in now] ************************************

TASK [restore : Stop PostgreSQL] ***********************************************
ok: [db-a]

TASK [restore : Restore the backup] ********************************************
changed: [db-a]

TASK [restore : Start PostgreSQL] **********************************************
changed: [db-a]

TASK [restore : Wait until recovery is complete and the cluster is promoted] ***
ok: [db-a]

TASK [restore : Checkpoint after the promotion so archive_timeout applies at once] ***
changed: [db-a]

TASK [postgres : Add the PGDG signing key] *************************************
ok: [db-a]

TASK [postgres : Add the PGDG repository] **************************************
ok: [db-a]

TASK [postgres : Install postgresql-common] ************************************
ok: [db-a]

TASK [postgres : Create the createcluster.d directory] *************************
ok: [db-a]

TASK [postgres : Create new clusters with data checksums] **********************
ok: [db-a]

TASK [postgres : Install PostgreSQL] *******************************************
ok: [db-a]

TASK [postgres : Configure PostgreSQL] *****************************************
ok: [db-a]

TASK [postgres : Allow application and replication connections] ****************
ok: [db-a]

TASK [postgres : Let PostgreSQL authenticate as replicator to other sites] *****
ok: [db-a]

TASK [postgres : Create the PostgreSQL unit drop-in directory] *****************
ok: [db-a]

TASK [postgres : Checkpoint after every start so archive_timeout applies at once] ***
ok: [db-a]

TASK [postgres : Load the unit drop-in now] ************************************

TASK [postgres : Start PostgreSQL] *********************************************
ok: [db-a]

TASK [postgres : Apply PostgreSQL changes now] *********************************

TASK [postgres : Create the application role] **********************************
ok: [db-a]

TASK [postgres : Create the application database] ******************************
ok: [db-a]

TASK [postgres : Create the replication role] **********************************
ok: [db-a]

TASK [postgres : Allow the replication role to run pg_rewind] ******************
ok: [db-a]

TASK [postgres : Create the monitoring role] ***********************************
ok: [db-a]

TASK [postgres : Grant pg_monitor to the monitoring role] **********************
ok: [db-a]

TASK [postgres : Enable amcheck for integrity verification] ********************
ok: [db-a]

TASK [pgbackrest : Install pgBackRest] *****************************************
ok: [db-a]

TASK [pgbackrest : Remove the legacy configuration file] ***********************
ok: [db-a]

TASK [pgbackrest : Create pgBackRest directories] ******************************
ok: [db-a] => (item=/etc/pgbackrest)
ok: [db-a] => (item=/var/lib/pgbackrest)
ok: [db-a] => (item=/var/spool/pgbackrest)
ok: [db-a] => (item=/var/log/pgbackrest)

TASK [pgbackrest : Configure pgBackRest] ***************************************
ok: [db-a]

TASK [pgbackrest : Create the stanza (idempotent)] *****************************
ok: [db-a]

TASK [pgbackrest : Check archiving and both repositories] **********************
ok: [db-a]

TASK [pgbackrest : Read the backup inventory] **********************************
ok: [db-a]

TASK [pgbackrest : Take an initial full backup in each repository] *************
changed: [db-a] => (item=1)
skipping: [db-a] => (item=2) 

TASK [pgbackrest : Install backup units] ***************************************
ok: [db-a] => (item=pgbackrest-backup@.service)
ok: [db-a] => (item=pgbackrest-full.timer)
ok: [db-a] => (item=pgbackrest-incr.timer)

TASK [pgbackrest : Enable backup timers] ***************************************
ok: [db-a] => (item=pgbackrest-full.timer)
ok: [db-a] => (item=pgbackrest-incr.timer)

TASK [postgres_exporter : Create the postgres_exporter user] *******************
ok: [db-a]

TASK [postgres_exporter : Download postgres_exporter] **************************
ok: [db-a]

TASK [postgres_exporter : Unpack postgres_exporter] ****************************
skipping: [db-a]

TASK [postgres_exporter : Install postgres_exporter] ***************************
ok: [db-a]

TASK [postgres_exporter : Install the postgres_exporter unit] ******************
ok: [db-a]

TASK [postgres_exporter : Start postgres_exporter] *****************************
ok: [db-a]

PLAY [Application] *************************************************************

TASK [Gathering Facts] *********************************************************
ok: [app-a]

TASK [docsvc : Create the docsvc user] *****************************************
ok: [app-a]

TASK [docsvc : Install the docsvc binary] **************************************
ok: [app-a]

TASK [docsvc : Write the docsvc environment] ***********************************
ok: [app-a]

TASK [docsvc : Install the docsvc unit] ****************************************
ok: [app-a]

TASK [docsvc : Start or stop docsvc] *******************************************
ok: [app-a]

TASK [docsvc : Apply docsvc restarts now] **************************************

TASK [docsvc : Wait for docsvc readiness] **************************************
ok: [app-a]

PLAY RECAP *********************************************************************
app-a                      : ok=13   changed=0    unreachable=0    failed=0    skipped=0    rescued=0    ignored=0   
db-a                       : ok=65   changed=4    unreachable=0    failed=0    skipped=2    rescued=0    ignored=0   
obj-a                      : ok=26   changed=0    unreachable=0    failed=0    skipped=7    rescued=0    ignored=0   

# end 2026-10-08T14:28:51.967357354Z ok
