# step baseline-pilot-light (run) in phase recover
# start 2026-10-07T18:45:40.983390631Z
# attempt 1
active_site=a standby_site= site_a_enabled=true site_b_enabled=false
data.sops_file.secrets: Reading...
data.sops_file.secrets: Read complete after 0s [id=-]
local_file.inventory: Refreshing state... [id=ef97d985029700be6dcd2f0490d142c339706ae7]
module.site["a"].module.node["app"].data.docker_image.this: Reading...
data.docker_network.wan: Reading...
module.vault.data.docker_image.this: Reading...
module.site["a"].docker_network.zone: Refreshing state... [id=753d1ba2f90f12ff2e18ee28aece3e6519f4ebc7c7d4e353d2b473f608858d2b]
docker_image.caddy: Refreshing state... [id=sha256:226d1f059b75399fe19182893c7184591c07b97afc8dfcf44eeb80c9a77a530fcaddy:2.8.4]
docker_image.prometheus: Refreshing state... [id=sha256:efd719c99d83b060d9daefdcf00360461adf279f45ef5391f8d111892118753eprom/prometheus:v3.15.0]
module.site["b"].docker_network.zone: Refreshing state... [id=617fc3663db99aeaa6558e19ed186f3d50d9008ec5f166ec030575bbbd641029]
docker_image.alertmanager: Refreshing state... [id=sha256:e9733bafb1bdef9b00e25a21f8f99dc26a22224bf16641ad754d1649f4c3357aprom/alertmanager:v0.34.1]
docker_image.coredns: Refreshing state... [id=sha256:9caabbf6238b189a65d0d6e6ac138de60d6a1c419e5a341fbbb7c78382559c6ecoredns/coredns:1.11.3]
module.site["a"].module.node["db"].data.docker_image.this: Reading...
data.docker_network.wan: Read complete after 0s [id=41924cf4b208fd467ee4642801a045d68416561c03ceda4d40fad14b383b6ec2]
module.site["a"].module.node["obj"].data.docker_image.this: Reading...
module.vault.data.docker_image.this: Read complete after 0s [id=sha256:a5b1b27fc32fa2adaaf4ca34e98e1fba5f255b7200a5b6c82926334199fdcd8c]
docker_network.vault: Refreshing state... [id=86c40c4609c729fbe4626e50b6a568862f986775c875e5f3bebe19c970970250]
module.site["a"].module.node["app"].data.docker_image.this: Read complete after 0s [id=sha256:a5b1b27fc32fa2adaaf4ca34e98e1fba5f255b7200a5b6c82926334199fdcd8c]
module.site["a"].module.node["db"].data.docker_image.this: Read complete after 0s [id=sha256:a5b1b27fc32fa2adaaf4ca34e98e1fba5f255b7200a5b6c82926334199fdcd8c]
module.site["a"].module.node["obj"].data.docker_image.this: Read complete after 0s [id=sha256:a5b1b27fc32fa2adaaf4ca34e98e1fba5f255b7200a5b6c82926334199fdcd8c]
module.webhook.data.docker_image.this: Reading...
docker_container.alertmanager: Refreshing state... [id=c4094a9a40c0ac7042bcbafbdf943504b8394d1e73949819a7a65974f10ce56d]
docker_container.prometheus: Refreshing state... [id=5434607bcf85918abc622aef105842b552402974bcba306240b325ceafd2903d]
docker_container.dns: Refreshing state... [id=89b15baf14d76159a06742817e0007afc4d1efae2b3c1f4726e963e09648d739]
docker_container.edge: Refreshing state... [id=89b2556accb7b504c8694ba8f01d0ebe0a45d186c6592446f04dcd87fb5e61d7]
module.webhook.data.docker_image.this: Read complete after 1s [id=sha256:a5b1b27fc32fa2adaaf4ca34e98e1fba5f255b7200a5b6c82926334199fdcd8c]
module.webhook.docker_container.this: Refreshing state... [id=75b9f70114e9dfb5ee4fbcb7a91bd352c7aa0802df38cbaa3a99df5ab488e997]
module.site["a"].module.node["db"].docker_container.this: Refreshing state... [id=ac37ae543475408b37131d5bdaa11f8f172c33e1cd257f8d2b4a3a29d789cbc8]
module.site["a"].module.node["obj"].docker_container.this: Refreshing state... [id=49e89aa3b86665f6ceac74ba8e6662cec6d62f2e2ffda771f95d95cb0870962e]
module.site["b"].module.node["db"].docker_container.this: Refreshing state... [id=e18fb1d28ada05c935fff7585dadc4020aabbc89a2bd2377ca699a6f26165014]
module.site["b"].module.node["obj"].docker_container.this: Refreshing state... [id=78874df3afa924ae45e78d610544aaa0b002c9ea419c020585d63d77426428c4]
module.site["a"].module.node["app"].docker_container.this: Refreshing state... [id=5dcb0efb74d91f09853c1be174ab071d14bc002b52d04eacfeec1cc3f3c4460b]
module.site["b"].module.node["app"].docker_container.this: Refreshing state... [id=b31a4b4adf296cfc1028dd68ac1c3f396e28413d4435a45372515cd74315b2ec]
module.vault.docker_container.this: Refreshing state... [id=ecb3ff67db2291240fa72583b9558fa0ab7f70c16366dd2fc4c5094dfacf57e2]

Terraform used the selected providers to generate the following execution
plan. Resource actions are indicated with the following symbols:
  - destroy
-/+ destroy and then create replacement

Terraform will perform the following actions:

  # local_file.inventory must be replaced
-/+ resource "local_file" "inventory" {
      ~ content              = <<-EOT # forces replacement
            "all":
              "children":
                "active":
                  "hosts":
                    "app-a": {}
                    "db-a": {}
                    "obj-a": {}
                "app":
                  "hosts":
                    "app-a":
                      "site": "a"
                      "wan_ip": "172.31.0.21"
                      "zone_subnet": "172.31.1.0/24"
          -         "app-b":
          -           "site": "b"
          -           "wan_ip": "172.31.0.31"
          -           "zone_subnet": "172.31.2.0/24"
                "db":
                  "hosts":
                    "db-a":
                      "site": "a"
                      "wan_ip": "172.31.0.22"
                      "zone_subnet": "172.31.1.0/24"
          -         "db-b":
          -           "site": "b"
          -           "wan_ip": "172.31.0.32"
          -           "zone_subnet": "172.31.2.0/24"
                "obj":
                  "hosts":
                    "obj-a":
                      "site": "a"
                      "wan_ip": "172.31.0.23"
                      "zone_subnet": "172.31.1.0/24"
          -         "obj-b":
          -           "site": "b"
          -           "wan_ip": "172.31.0.33"
          -           "zone_subnet": "172.31.2.0/24"
                "restores":
                  "hosts": {}
                "site_a":
                  "hosts":
                    "app-a": {}
                    "db-a": {}
                    "obj-a": {}
                "site_b":
          -       "hosts":
          -         "app-b": {}
          -         "db-b": {}
          -         "obj-b": {}
          +       "hosts": {}
                "standby":
                  "hosts": {}
                "vaults":
                  "hosts":
                    "vault":
                      "wan_ip": "172.31.0.40"
                "webhooks":
                  "hosts":
                    "webhook":
                      "wan_ip": "172.31.0.12"
              "vars":
                "active_site": "a"
                "standby_site": ""
        EOT
      ~ content_base64sha256 = "vVjGNUcORlM0igaKdn/HK7b/YWvCgDl0M3HsHivKsS8=" -> (known after apply)
      ~ content_base64sha512 = "Z6gdVLKNzxpYgTI+P6m0emP8CTFYVh/a+jbfzJKJFgkSNcPR2KwvcbKMdhPygd2nSd6WDTTAC/6lGD/uESFs9g==" -> (known after apply)
      ~ content_md5          = "523cc3b78605e7de432efe673eba8ed6" -> (known after apply)
      ~ content_sha1         = "ef97d985029700be6dcd2f0490d142c339706ae7" -> (known after apply)
      ~ content_sha256       = "bd58c635470e4653348a068a767fc72bb6ff616bc28039743371ec1e2bcab12f" -> (known after apply)
      ~ content_sha512       = "67a81d54b28dcf1a5881323e3fa9b47a63fc093158561fdafa36dfcc928916091235c3d1d8ac2f71b28c7613f281dda749de960d34c00bfea5183fee11216cf6" -> (known after apply)
      ~ id                   = "ef97d985029700be6dcd2f0490d142c339706ae7" -> (known after apply)
        # (3 unchanged attributes hidden)
    }

  # module.site["b"].docker_network.zone will be destroyed
  # (because module.site["b"] is not in configuration)
  - resource "docker_network" "zone" {
      - attachable  = false -> null
      - driver      = "bridge" -> null
      - id          = "617fc3663db99aeaa6558e19ed186f3d50d9008ec5f166ec030575bbbd641029" -> null
      - ingress     = false -> null
      - internal    = false -> null
      - ipam_driver = "default" -> null
      - ipv6        = false -> null
      - name        = "disavery-site-b" -> null
      - options     = {
          - "com.docker.network.enable_ipv4" = "true"
        } -> null
      - scope       = "local" -> null

      - ipam_config {
          - gateway  = "172.31.2.1" -> null
          - subnet   = "172.31.2.0/24" -> null
            # (1 unchanged attribute hidden)
        }

      - labels {
          - label = "disavery.env" -> null
          - value = "drill" -> null
        }
    }

  # module.site["b"].module.node["app"].docker_container.this will be destroyed
  # (because module.site["b"].module.node["app"] is not in configuration)
  - resource "docker_container" "this" {
      - attach                                      = false -> null
      - command                                     = [
          - "/lib/systemd/systemd",
        ] -> null
      - container_read_refresh_timeout_milliseconds = 15000 -> null
      - cpu_shares                                  = 0 -> null
      - dns                                         = [
          - "172.31.0.10",
        ] -> null
      - entrypoint                                  = [] -> null
      - env                                         = [] -> null
      - hostname                                    = "app-b" -> null
      - id                                          = "b31a4b4adf296cfc1028dd68ac1c3f396e28413d4435a45372515cd74315b2ec" -> null
      - image                                       = "sha256:a5b1b27fc32fa2adaaf4ca34e98e1fba5f255b7200a5b6c82926334199fdcd8c" -> null
      - init                                        = false -> null
      - ipc_mode                                    = "private" -> null
      - log_driver                                  = "json-file" -> null
      - logs                                        = false -> null
      - max_retry_count                             = 0 -> null
      - memory                                      = 0 -> null
      - memory_swap                                 = 0 -> null
      - must_run                                    = true -> null
      - name                                        = "app-b" -> null
      - network_data                                = [
          - {
              - gateway                   = "172.31.0.1"
              - global_ipv6_prefix_length = 0
              - ip_address                = "172.31.0.31"
              - ip_prefix_length          = 24
              - mac_address               = "02:e8:c5:82:ba:0e"
              - network_name              = "disavery-wan"
                # (2 unchanged attributes hidden)
            },
          - {
              - gateway                   = "172.31.2.1"
              - global_ipv6_prefix_length = 0
              - ip_address                = "172.31.2.3"
              - ip_prefix_length          = 24
              - mac_address               = "12:b0:e9:f5:59:d0"
              - network_name              = "disavery-site-b"
                # (2 unchanged attributes hidden)
            },
        ] -> null
      - network_mode                                = "bridge" -> null
      - privileged                                  = true -> null
      - publish_all_ports                           = false -> null
      - read_only                                   = false -> null
      - remove_volumes                              = true -> null
      - restart                                     = "no" -> null
      - rm                                          = false -> null
      - runtime                                     = "runc" -> null
      - security_opts                               = [
          - "label=disable",
        ] -> null
      - shm_size                                    = 64 -> null
      - start                                       = true -> null
      - stdin_open                                  = false -> null
      - stop_signal                                 = "SIGRTMIN+3" -> null
      - stop_timeout                                = 0 -> null
      - tmpfs                                       = {
          - "/run"      = "rw"
          - "/run/lock" = "rw"
        } -> null
      - tty                                         = false -> null
      - wait                                        = false -> null
      - wait_timeout                                = 60 -> null
        # (7 unchanged attributes hidden)

      - labels {
          - label = "disavery.env" -> null
          - value = "drill" -> null
        }
      - labels {
          - label = "disavery.node" -> null
          - value = "app-b" -> null
        }
      - labels {
          - label = "disavery.role" -> null
          - value = "app" -> null
        }
      - labels {
          - label = "disavery.site" -> null
          - value = "b" -> null
        }

      - networks_advanced {
          - aliases      = [
              - "app-b",
            ] -> null
          - name         = "disavery-site-b" -> null
            # (2 unchanged attributes hidden)
        }
      - networks_advanced {
          - aliases      = [
              - "app-b",
            ] -> null
          - ipv4_address = "172.31.0.31" -> null
          - name         = "disavery-wan" -> null
            # (1 unchanged attribute hidden)
        }

      - upload {
          - content        = <<-EOT
                ssh-ed25519 AAAAC3NzaC1lZDI1NTE5AAAAIKEeLGgZ409CSmAsXXdcuReyhhsR5SqJ9rqS06BDBgtg disavery
            EOT -> null
          - executable     = false -> null
          - file           = "/root/.ssh/authorized_keys" -> null
            # (3 unchanged attributes hidden)
        }
    }

  # module.site["b"].module.node["db"].docker_container.this will be destroyed
  # (because module.site["b"].module.node["db"] is not in configuration)
  - resource "docker_container" "this" {
      - attach                                      = false -> null
      - command                                     = [
          - "/lib/systemd/systemd",
        ] -> null
      - container_read_refresh_timeout_milliseconds = 15000 -> null
      - cpu_shares                                  = 0 -> null
      - dns                                         = [
          - "172.31.0.10",
        ] -> null
      - entrypoint                                  = [] -> null
      - env                                         = [] -> null
      - hostname                                    = "db-b" -> null
      - id                                          = "e18fb1d28ada05c935fff7585dadc4020aabbc89a2bd2377ca699a6f26165014" -> null
      - image                                       = "sha256:a5b1b27fc32fa2adaaf4ca34e98e1fba5f255b7200a5b6c82926334199fdcd8c" -> null
      - init                                        = false -> null
      - ipc_mode                                    = "private" -> null
      - log_driver                                  = "json-file" -> null
      - logs                                        = false -> null
      - max_retry_count                             = 0 -> null
      - memory                                      = 0 -> null
      - memory_swap                                 = 0 -> null
      - must_run                                    = true -> null
      - name                                        = "db-b" -> null
      - network_data                                = [
          - {
              - gateway                   = "172.31.2.1"
              - global_ipv6_prefix_length = 0
              - ip_address                = "172.31.2.4"
              - ip_prefix_length          = 24
              - mac_address               = "52:01:bd:a7:fd:18"
              - network_name              = "disavery-site-b"
                # (2 unchanged attributes hidden)
            },
          - {
              - gateway                   = "172.31.0.1"
              - global_ipv6_prefix_length = 0
              - ip_address                = "172.31.0.32"
              - ip_prefix_length          = 24
              - mac_address               = "62:10:0d:65:00:ed"
              - network_name              = "disavery-wan"
                # (2 unchanged attributes hidden)
            },
        ] -> null
      - network_mode                                = "bridge" -> null
      - privileged                                  = true -> null
      - publish_all_ports                           = false -> null
      - read_only                                   = false -> null
      - remove_volumes                              = true -> null
      - restart                                     = "no" -> null
      - rm                                          = false -> null
      - runtime                                     = "runc" -> null
      - security_opts                               = [
          - "label=disable",
        ] -> null
      - shm_size                                    = 64 -> null
      - start                                       = true -> null
      - stdin_open                                  = false -> null
      - stop_signal                                 = "SIGRTMIN+3" -> null
      - stop_timeout                                = 0 -> null
      - tmpfs                                       = {
          - "/run"      = "rw"
          - "/run/lock" = "rw"
        } -> null
      - tty                                         = false -> null
      - wait                                        = false -> null
      - wait_timeout                                = 60 -> null
        # (7 unchanged attributes hidden)

      - labels {
          - label = "disavery.env" -> null
          - value = "drill" -> null
        }
      - labels {
          - label = "disavery.node" -> null
          - value = "db-b" -> null
        }
      - labels {
          - label = "disavery.role" -> null
          - value = "db" -> null
        }
      - labels {
          - label = "disavery.site" -> null
          - value = "b" -> null
        }

      - networks_advanced {
          - aliases      = [
              - "db-b",
            ] -> null
          - name         = "disavery-site-b" -> null
            # (2 unchanged attributes hidden)
        }
      - networks_advanced {
          - aliases      = [
              - "db-b",
            ] -> null
          - ipv4_address = "172.31.0.32" -> null
          - name         = "disavery-wan" -> null
            # (1 unchanged attribute hidden)
        }

      - upload {
          - content        = <<-EOT
                ssh-ed25519 AAAAC3NzaC1lZDI1NTE5AAAAIKEeLGgZ409CSmAsXXdcuReyhhsR5SqJ9rqS06BDBgtg disavery
            EOT -> null
          - executable     = false -> null
          - file           = "/root/.ssh/authorized_keys" -> null
            # (3 unchanged attributes hidden)
        }
    }

  # module.site["b"].module.node["obj"].docker_container.this will be destroyed
  # (because module.site["b"].module.node["obj"] is not in configuration)
  - resource "docker_container" "this" {
      - attach                                      = false -> null
      - command                                     = [
          - "/lib/systemd/systemd",
        ] -> null
      - container_read_refresh_timeout_milliseconds = 15000 -> null
      - cpu_shares                                  = 0 -> null
      - dns                                         = [
          - "172.31.0.10",
        ] -> null
      - entrypoint                                  = [] -> null
      - env                                         = [] -> null
      - hostname                                    = "obj-b" -> null
      - id                                          = "78874df3afa924ae45e78d610544aaa0b002c9ea419c020585d63d77426428c4" -> null
      - image                                       = "sha256:a5b1b27fc32fa2adaaf4ca34e98e1fba5f255b7200a5b6c82926334199fdcd8c" -> null
      - init                                        = false -> null
      - ipc_mode                                    = "private" -> null
      - log_driver                                  = "json-file" -> null
      - logs                                        = false -> null
      - max_retry_count                             = 0 -> null
      - memory                                      = 0 -> null
      - memory_swap                                 = 0 -> null
      - must_run                                    = true -> null
      - name                                        = "obj-b" -> null
      - network_data                                = [
          - {
              - gateway                   = "172.31.2.1"
              - global_ipv6_prefix_length = 0
              - ip_address                = "172.31.2.2"
              - ip_prefix_length          = 24
              - mac_address               = "26:83:37:7a:ef:e9"
              - network_name              = "disavery-site-b"
                # (2 unchanged attributes hidden)
            },
          - {
              - gateway                   = "172.31.0.1"
              - global_ipv6_prefix_length = 0
              - ip_address                = "172.31.0.33"
              - ip_prefix_length          = 24
              - mac_address               = "5a:f4:60:ea:9c:4f"
              - network_name              = "disavery-wan"
                # (2 unchanged attributes hidden)
            },
        ] -> null
      - network_mode                                = "bridge" -> null
      - privileged                                  = true -> null
      - publish_all_ports                           = false -> null
      - read_only                                   = false -> null
      - remove_volumes                              = true -> null
      - restart                                     = "no" -> null
      - rm                                          = false -> null
      - runtime                                     = "runc" -> null
      - security_opts                               = [
          - "label=disable",
        ] -> null
      - shm_size                                    = 64 -> null
      - start                                       = true -> null
      - stdin_open                                  = false -> null
      - stop_signal                                 = "SIGRTMIN+3" -> null
      - stop_timeout                                = 0 -> null
      - tmpfs                                       = {
          - "/run"      = "rw"
          - "/run/lock" = "rw"
        } -> null
      - tty                                         = false -> null
      - wait                                        = false -> null
      - wait_timeout                                = 60 -> null
        # (7 unchanged attributes hidden)

      - labels {
          - label = "disavery.env" -> null
          - value = "drill" -> null
        }
      - labels {
          - label = "disavery.node" -> null
          - value = "obj-b" -> null
        }
      - labels {
          - label = "disavery.role" -> null
          - value = "obj" -> null
        }
      - labels {
          - label = "disavery.site" -> null
          - value = "b" -> null
        }

      - networks_advanced {
          - aliases      = [
              - "obj-b",
            ] -> null
          - name         = "disavery-site-b" -> null
            # (2 unchanged attributes hidden)
        }
      - networks_advanced {
          - aliases      = [
              - "obj-b",
            ] -> null
          - ipv4_address = "172.31.0.33" -> null
          - name         = "disavery-wan" -> null
            # (1 unchanged attribute hidden)
        }

      - upload {
          - content        = <<-EOT
                ssh-ed25519 AAAAC3NzaC1lZDI1NTE5AAAAIKEeLGgZ409CSmAsXXdcuReyhhsR5SqJ9rqS06BDBgtg disavery
            EOT -> null
          - executable     = false -> null
          - file           = "/root/.ssh/authorized_keys" -> null
            # (3 unchanged attributes hidden)
        }
    }

Plan: 1 to add, 0 to change, 5 to destroy.
local_file.inventory: Destroying... [id=ef97d985029700be6dcd2f0490d142c339706ae7]
local_file.inventory: Destruction complete after 0s
module.site["b"].module.node["obj"].docker_container.this: Destroying... [id=78874df3afa924ae45e78d610544aaa0b002c9ea419c020585d63d77426428c4]
module.site["b"].module.node["app"].docker_container.this: Destroying... [id=b31a4b4adf296cfc1028dd68ac1c3f396e28413d4435a45372515cd74315b2ec]
module.site["b"].module.node["db"].docker_container.this: Destroying... [id=e18fb1d28ada05c935fff7585dadc4020aabbc89a2bd2377ca699a6f26165014]
local_file.inventory: Creating...
local_file.inventory: Creation complete after 0s [id=0b17e6ea766b23effcff91ba7c71c0b1d10805b3]
module.site["b"].module.node["obj"].docker_container.this: Destruction complete after 1s
module.site["b"].module.node["db"].docker_container.this: Destruction complete after 1s
module.site["b"].module.node["app"].docker_container.this: Destruction complete after 1s
module.site["b"].docker_network.zone: Destroying... [id=617fc3663db99aeaa6558e19ed186f3d50d9008ec5f166ec030575bbbd641029]
module.site["b"].docker_network.zone: Destruction complete after 3s

Apply complete! Resources: 1 added, 0 changed, 5 destroyed.

Outputs:

active_site = "a"
ip = {
  "alertmanager" = "172.31.0.14"
  "app-a" = "172.31.0.21"
  "app-b" = "172.31.0.31"
  "db-a" = "172.31.0.22"
  "db-b" = "172.31.0.32"
  "dns" = "172.31.0.10"
  "edge" = "172.31.0.11"
  "obj-a" = "172.31.0.23"
  "obj-b" = "172.31.0.33"
  "prometheus" = "172.31.0.13"
  "restore" = "172.31.0.50"
  "vault" = "172.31.0.40"
  "webhook" = "172.31.0.12"
}

PLAY [Prepare all nodes] *******************************************************

TASK [Wait for SSH] ************************************************************
ok: [app-a]
ok: [vault]
ok: [webhook]
ok: [obj-a]
ok: [db-a]

TASK [Load SOPS secrets] *******************************************************
ok: [app-a]
ok: [db-a]
ok: [obj-a]
ok: [vault]
ok: [webhook]

TASK [Gather facts] ************************************************************
ok: [obj-a]
ok: [webhook]
ok: [vault]
ok: [app-a]
ok: [db-a]

PLAY [Base configuration] ******************************************************

TASK [Gathering Facts] *********************************************************
ok: [app-a]
ok: [db-a]
ok: [obj-a]
ok: [webhook]
ok: [vault]

TASK [base : Install base packages] ********************************************
ok: [app-a]
ok: [obj-a]
ok: [webhook]
ok: [vault]
ok: [db-a]

TASK [base : Trust the disavery CA] ********************************************
ok: [app-a]
ok: [obj-a]
ok: [vault]
ok: [webhook]
ok: [db-a]

TASK [base : Apply CA changes now] *********************************************

TASK [base : Apply CA changes now] *********************************************

TASK [base : Apply CA changes now] *********************************************

TASK [base : Apply CA changes now] *********************************************

TASK [base : Apply CA changes now] *********************************************

PLAY [Vault object store] ******************************************************

TASK [Gathering Facts] *********************************************************
ok: [vault]

TASK [minio : Create minio-user] ***********************************************
ok: [vault]

TASK [minio : Install MinIO server] ********************************************
ok: [vault]

TASK [minio : Install MinIO client] ********************************************
ok: [vault]

TASK [minio : Create MinIO directories] ****************************************
ok: [vault] => (item=/var/lib/minio)
ok: [vault] => (item=/etc/minio/certs)
ok: [vault] => (item=/etc/minio/certs/CAs)

TASK [minio : Trust the disavery CA for outbound TLS (replication)] ************
ok: [vault]

TASK [minio : Install the vault TLS certificate] *******************************
ok: [vault] => (item=public.crt)
ok: [vault] => (item=private.key)

TASK [minio : Write MinIO environment] *****************************************
ok: [vault]

TASK [minio : Install MinIO unit] **********************************************
ok: [vault]

TASK [minio : Start MinIO] *****************************************************
ok: [vault]

TASK [minio : Apply MinIO restarts now] ****************************************

TASK [minio : Wait for MinIO to be ready] **************************************
ok: [vault]

TASK [minio : Configure the local mc alias] ************************************
ok: [vault]

TASK [minio : Apply profile-specific configuration] ****************************
included: /work/infra/ansible/roles/minio/tasks/vault.yml for vault

TASK [minio : Create Object Lock buckets] **************************************
ok: [vault] => (item=pgbackrest)
ok: [vault] => (item=attachments)

TASK [minio : Set default compliance retention] ********************************
ok: [vault] => (item=pgbackrest)
ok: [vault] => (item=attachments)

TASK [minio : Read lifecycle rules] ********************************************
ok: [vault] => (item=pgbackrest)
ok: [vault] => (item=attachments)

TASK [minio : Expire noncurrent versions once the lock has lapsed] *************
skipping: [vault] => (item=pgbackrest) 
skipping: [vault] => (item=attachments) 
skipping: [vault]

TASK [minio : Write the production writer policy] ******************************
ok: [vault]

TASK [minio : Create the production writer policy] *****************************
ok: [vault]

TASK [minio : Create the production writer user] *******************************
ok: [vault]

TASK [minio : Read the production writer's policies] ***************************
ok: [vault]

TASK [minio : Attach the policy to the production writer] **********************
skipping: [vault]

TASK [minio : Install the replica lock sweeper] ********************************
ok: [vault] => (item=/usr/local/bin/vault-lock-sweeper)
ok: [vault] => (item=/etc/systemd/system/vault-lock-sweeper.service)
ok: [vault] => (item=/etc/systemd/system/vault-lock-sweeper.timer)

TASK [minio : Enable the replica lock sweeper] *********************************
ok: [vault]

PLAY [Site object stores] ******************************************************

TASK [Gathering Facts] *********************************************************
ok: [obj-a]

TASK [minio : Create minio-user] ***********************************************
ok: [obj-a]

TASK [minio : Install MinIO server] ********************************************
ok: [obj-a]

TASK [minio : Install MinIO client] ********************************************
ok: [obj-a]

TASK [minio : Create MinIO directories] ****************************************
ok: [obj-a] => (item=/var/lib/minio)
ok: [obj-a] => (item=/etc/minio/certs)
ok: [obj-a] => (item=/etc/minio/certs/CAs)

TASK [minio : Trust the disavery CA for outbound TLS (replication)] ************
ok: [obj-a]

TASK [minio : Install the vault TLS certificate] *******************************
skipping: [obj-a] => (item=public.crt) 
skipping: [obj-a] => (item=private.key) 
skipping: [obj-a]

TASK [minio : Write MinIO environment] *****************************************
ok: [obj-a]

TASK [minio : Install MinIO unit] **********************************************
ok: [obj-a]

TASK [minio : Start MinIO] *****************************************************
ok: [obj-a]

TASK [minio : Apply MinIO restarts now] ****************************************

TASK [minio : Wait for MinIO to be ready] **************************************
ok: [obj-a]

TASK [minio : Configure the local mc alias] ************************************
ok: [obj-a]

TASK [minio : Apply profile-specific configuration] ****************************
included: /work/infra/ansible/roles/minio/tasks/site.yml for obj-a

TASK [minio : Create the attachments bucket] ***********************************
ok: [obj-a]

TASK [minio : Enable versioning] ***********************************************
ok: [obj-a]

TASK [minio : Copy the docsvc policy] ******************************************
ok: [obj-a]

TASK [minio : Create the docsvc policy] ****************************************
ok: [obj-a]

TASK [minio : Create the docsvc user] ******************************************
ok: [obj-a]

TASK [minio : Read the docsvc user's policies] *********************************
ok: [obj-a]

TASK [minio : Attach the policy to docsvc] *************************************
skipping: [obj-a]

TASK [minio : Read replication rules] ******************************************
ok: [obj-a]

TASK [minio : Index replication rules by priority] *****************************
ok: [obj-a]

TASK [minio : Replicate attachments to the vault] ******************************
skipping: [obj-a]

TASK [minio : Replicate attachments to the standby site] ***********************
skipping: [obj-a]

TASK [minio : Stop replicating to a site that is no longer a standby] **********
skipping: [obj-a]

TASK [minio : Point mc at the active site's store] *****************************
skipping: [obj-a]

TASK [minio : Copy the attachments the standby lacks] **************************
skipping: [obj-a]

PLAY [Primary database] ********************************************************

TASK [Gathering Facts] *********************************************************
ok: [db-a]

TASK [postgres : Add the PGDG signing key] *************************************
ok: [db-a]

TASK [postgres : Add the PGDG repository] **************************************
ok: [db-a]

TASK [postgres : Install postgresql-common] ************************************
ok: [db-a]

TASK [postgres : Create the createcluster.d directory] *************************
ok: [db-a]

TASK [postgres : Create new clusters with data checksums] **********************
ok: [db-a]

TASK [postgres : Install PostgreSQL] *******************************************
ok: [db-a]

TASK [postgres : Configure PostgreSQL] *****************************************
ok: [db-a]

TASK [postgres : Allow application and replication connections] ****************
ok: [db-a]

TASK [postgres : Let PostgreSQL authenticate as replicator to other sites] *****
ok: [db-a]

TASK [postgres : Create the PostgreSQL unit drop-in directory] *****************
ok: [db-a]

TASK [postgres : Checkpoint after every start so archive_timeout applies at once] ***
ok: [db-a]

TASK [postgres : Load the unit drop-in now] ************************************

TASK [postgres : Start PostgreSQL] *********************************************
ok: [db-a]

TASK [postgres : Apply PostgreSQL changes now] *********************************

TASK [postgres : Create the application role] **********************************
ok: [db-a]

TASK [postgres : Create the application database] ******************************
ok: [db-a]

TASK [postgres : Create the replication role] **********************************
ok: [db-a]

TASK [postgres : Allow the replication role to run pg_rewind] ******************
ok: [db-a]

TASK [postgres : Create the monitoring role] ***********************************
ok: [db-a]

TASK [postgres : Grant pg_monitor to the monitoring role] **********************
ok: [db-a]

TASK [postgres : Enable amcheck for integrity verification] ********************
ok: [db-a]

TASK [pgbackrest : Install pgBackRest] *****************************************
ok: [db-a]

TASK [pgbackrest : Remove the legacy configuration file] ***********************
ok: [db-a]

TASK [pgbackrest : Create pgBackRest directories] ******************************
ok: [db-a] => (item=/etc/pgbackrest)
ok: [db-a] => (item=/var/lib/pgbackrest)
ok: [db-a] => (item=/var/spool/pgbackrest)
ok: [db-a] => (item=/var/log/pgbackrest)

TASK [pgbackrest : Configure pgBackRest] ***************************************
ok: [db-a]

TASK [pgbackrest : Create the stanza (idempotent)] *****************************
ok: [db-a]

TASK [pgbackrest : Check archiving and both repositories] **********************
ok: [db-a]

TASK [pgbackrest : Read the backup inventory] **********************************
ok: [db-a]

TASK [pgbackrest : Take an initial full backup in each repository] *************
skipping: [db-a] => (item=1) 
skipping: [db-a] => (item=2) 
skipping: [db-a]

TASK [pgbackrest : Install backup units] ***************************************
ok: [db-a] => (item=pgbackrest-backup@.service)
ok: [db-a] => (item=pgbackrest-full.timer)
ok: [db-a] => (item=pgbackrest-incr.timer)

TASK [pgbackrest : Enable backup timers] ***************************************
ok: [db-a] => (item=pgbackrest-full.timer)
ok: [db-a] => (item=pgbackrest-incr.timer)

TASK [postgres_exporter : Create the postgres_exporter user] *******************
ok: [db-a]

TASK [postgres_exporter : Download postgres_exporter] **************************
ok: [db-a]

TASK [postgres_exporter : Unpack postgres_exporter] ****************************
skipping: [db-a]

TASK [postgres_exporter : Install postgres_exporter] ***************************
ok: [db-a]

TASK [postgres_exporter : Install the postgres_exporter unit] ******************
ok: [db-a]

TASK [postgres_exporter : Start postgres_exporter] *****************************
ok: [db-a]

PLAY [Standby database] ********************************************************
skipping: no hosts matched

PLAY [Payment provider mock] ***************************************************

TASK [Gathering Facts] *********************************************************
ok: [webhook]

TASK [webhookmock : Install the webhookmock binary] ****************************
ok: [webhook]

TASK [webhookmock : Write the webhookmock environment] *************************
ok: [webhook]

TASK [webhookmock : Install the webhookmock unit] ******************************
ok: [webhook]

TASK [webhookmock : Start webhookmock] *****************************************
ok: [webhook]

TASK [webhookmock : Apply webhookmock restarts now] ****************************

TASK [webhookmock : Wait for webhookmock] **************************************
ok: [webhook]

PLAY [Applications] ************************************************************

TASK [Gathering Facts] *********************************************************
ok: [app-a]

TASK [docsvc : Create the docsvc user] *****************************************
ok: [app-a]

TASK [docsvc : Install the docsvc binary] **************************************
ok: [app-a]

TASK [docsvc : Write the docsvc environment] ***********************************
ok: [app-a]

TASK [docsvc : Install the docsvc unit] ****************************************
ok: [app-a]

TASK [docsvc : Start or stop docsvc] *******************************************
ok: [app-a]

TASK [docsvc : Apply docsvc restarts now] **************************************

TASK [docsvc : Wait for docsvc readiness] **************************************
ok: [app-a]

PLAY [Monitoring targets] ******************************************************

TASK [monitoring_targets : Publish the database scrape targets] ****************
changed: [localhost]

PLAY RECAP *********************************************************************
app-a                      : ok=13   changed=0    unreachable=0    failed=0    skipped=0    rescued=0    ignored=0   
db-a                       : ok=40   changed=0    unreachable=0    failed=0    skipped=2    rescued=0    ignored=0   
localhost                  : ok=1    changed=1    unreachable=0    failed=0    skipped=0    rescued=0    ignored=0   
obj-a                      : ok=26   changed=0    unreachable=0    failed=0    skipped=7    rescued=0    ignored=0   
vault                      : ok=28   changed=0    unreachable=0    failed=0    skipped=2    rescued=0    ignored=0   
webhook                    : ok=12   changed=0    unreachable=0    failed=0    skipped=0    rescued=0    ignored=0   

# end 2026-10-07T18:46:36.995598658Z ok
