# step rejoin-as-standby (run) in phase recover
# start 2026-10-07T18:43:55.540796Z
# attempt 1
active_site=b standby_site=a site_a_enabled=true site_b_enabled=true
local_file.inventory: Refreshing state... [id=4563b6d209155e135f08402bac5cc5939e576d63]

Terraform used the selected providers to generate the following execution
plan. Resource actions are indicated with the following symbols:
-/+ destroy and then create replacement

Terraform will perform the following actions:

  # local_file.inventory must be replaced
-/+ resource "local_file" "inventory" {
      ~ content              = <<-EOT # forces replacement
            "all":
              "children":
                "active":
                  "hosts":
                    "app-b": {}
                    "db-b": {}
                    "obj-b": {}
                "app":
                  "hosts":
                    "app-a":
                      "site": "a"
                      "wan_ip": "172.31.0.21"
                      "zone_subnet": "172.31.1.0/24"
                    "app-b":
                      "site": "b"
                      "wan_ip": "172.31.0.31"
                      "zone_subnet": "172.31.2.0/24"
                "db":
                  "hosts":
                    "db-a":
                      "site": "a"
                      "wan_ip": "172.31.0.22"
                      "zone_subnet": "172.31.1.0/24"
                    "db-b":
                      "site": "b"
                      "wan_ip": "172.31.0.32"
                      "zone_subnet": "172.31.2.0/24"
                "obj":
                  "hosts":
                    "obj-a":
                      "site": "a"
                      "wan_ip": "172.31.0.23"
                      "zone_subnet": "172.31.1.0/24"
                    "obj-b":
                      "site": "b"
                      "wan_ip": "172.31.0.33"
                      "zone_subnet": "172.31.2.0/24"
                "restores":
                  "hosts": {}
                "site_a":
                  "hosts":
                    "app-a": {}
                    "db-a": {}
                    "obj-a": {}
                "site_b":
                  "hosts":
                    "app-b": {}
                    "db-b": {}
                    "obj-b": {}
                "standby":
          -       "hosts": {}
          +       "hosts":
          +         "app-a": {}
          +         "db-a": {}
          +         "obj-a": {}
                "vaults":
                  "hosts":
                    "vault":
                      "wan_ip": "172.31.0.40"
                "webhooks":
                  "hosts":
                    "webhook":
                      "wan_ip": "172.31.0.12"
              "vars":
                "active_site": "b"
          -     "standby_site": ""
          +     "standby_site": "a"
        EOT
      ~ content_base64sha256 = "VVPnDNg4+ub0WVHojwvjQ2CzRxQ9s4fGdLj/HK9Sizk=" -> (known after apply)
      ~ content_base64sha512 = "XSM9eNtAEIvjLGjL4f5CuPbwKXHHyzPSzP4Kr3ekIQ11g7aFLQSYDwPz3wnJesI6EecfNd9UGd8xbN6cMU5TPQ==" -> (known after apply)
      ~ content_md5          = "ca822e2f8fd2d10ed4cdab6c51ea7f33" -> (known after apply)
      ~ content_sha1         = "4563b6d209155e135f08402bac5cc5939e576d63" -> (known after apply)
      ~ content_sha256       = "5553e70cd838fae6f45951e88f0be34360b347143db387c674b8ff1caf528b39" -> (known after apply)
      ~ content_sha512       = "5d233d78db40108be32c68cbe1fe42b8f6f02971c7cb33d2ccfe0aaf77a4210d7583b6852d04980f03f3df09c97ac23a11e71f35df5419df316cde9c314e533d" -> (known after apply)
      ~ id                   = "4563b6d209155e135f08402bac5cc5939e576d63" -> (known after apply)
        # (3 unchanged attributes hidden)
    }

Plan: 1 to add, 0 to change, 1 to destroy.
local_file.inventory: Destroying... [id=4563b6d209155e135f08402bac5cc5939e576d63]
local_file.inventory: Destruction complete after 0s
local_file.inventory: Creating...
local_file.inventory: Creation complete after 0s [id=613e9ab57b0cb9cafd60ba6da53226d8dd4dc57a]

Warning: Resource targeting is in effect

You are creating a plan with the -target option, which means that the result
of this plan may not represent all of the changes requested by the current
configuration.

The -target option is not for routine use, and is provided only for
exceptional situations such as recovering from errors or mistakes, or when
Terraform specifically suggests to use it as part of an error message.

Warning: Applied changes may be incomplete

The plan was created with the -target option in effect, so some changes
requested in the configuration may have been ignored and the output values
may not be fully updated. Run the following command to verify that no other
changes are pending:
    terraform plan

Note that the -target option is not suitable for routine use, and is provided
only for exceptional situations such as recovering from errors or mistakes,
or when Terraform specifically suggests to use it as part of an error
message.

Apply complete! Resources: 1 added, 0 changed, 1 destroyed.

Outputs:

active_site = "a"
ip = {
  "alertmanager" = "172.31.0.14"
  "app-a" = "172.31.0.21"
  "app-b" = "172.31.0.31"
  "db-a" = "172.31.0.22"
  "db-b" = "172.31.0.32"
  "dns" = "172.31.0.10"
  "edge" = "172.31.0.11"
  "obj-a" = "172.31.0.23"
  "obj-b" = "172.31.0.33"
  "prometheus" = "172.31.0.13"
  "restore" = "172.31.0.50"
  "vault" = "172.31.0.40"
  "webhook" = "172.31.0.12"
}

PLAY [Prepare all nodes] *******************************************************

TASK [Wait for SSH] ************************************************************
ok: [obj-b]
ok: [db-b]
ok: [vault]
ok: [obj-a]
ok: [app-a]
ok: [db-a]
ok: [app-b]
ok: [webhook]

TASK [Load SOPS secrets] *******************************************************
ok: [app-b]
ok: [db-b]
ok: [obj-b]
ok: [app-a]
ok: [db-a]
ok: [obj-a]
ok: [vault]
ok: [webhook]

TASK [Gather facts] ************************************************************
ok: [obj-b]
ok: [db-b]
ok: [app-b]
ok: [webhook]
ok: [app-a]
ok: [obj-a]
ok: [vault]
ok: [db-a]

PLAY [Base configuration] ******************************************************

TASK [Gathering Facts] *********************************************************
ok: [app-b]
ok: [db-b]
ok: [obj-b]
ok: [app-a]
ok: [db-a]
ok: [obj-a]
ok: [vault]
ok: [webhook]

TASK [base : Install base packages] ********************************************
ok: [app-b]
ok: [obj-b]
ok: [db-b]
ok: [vault]
ok: [obj-a]
ok: [app-a]
ok: [webhook]
ok: [db-a]

TASK [base : Trust the disavery CA] ********************************************
ok: [obj-b]
ok: [webhook]
ok: [vault]
ok: [obj-a]
ok: [app-a]
ok: [app-b]
ok: [db-a]
ok: [db-b]

TASK [base : Apply CA changes now] *********************************************

TASK [base : Apply CA changes now] *********************************************

TASK [base : Apply CA changes now] *********************************************

TASK [base : Apply CA changes now] *********************************************

TASK [base : Apply CA changes now] *********************************************

TASK [base : Apply CA changes now] *********************************************

TASK [base : Apply CA changes now] *********************************************

TASK [base : Apply CA changes now] *********************************************

PLAY [Vault object store] ******************************************************

TASK [Gathering Facts] *********************************************************
ok: [vault]

TASK [minio : Create minio-user] ***********************************************
ok: [vault]

TASK [minio : Install MinIO server] ********************************************
ok: [vault]

TASK [minio : Install MinIO client] ********************************************
ok: [vault]

TASK [minio : Create MinIO directories] ****************************************
ok: [vault] => (item=/var/lib/minio)
ok: [vault] => (item=/etc/minio/certs)
ok: [vault] => (item=/etc/minio/certs/CAs)

TASK [minio : Trust the disavery CA for outbound TLS (replication)] ************
ok: [vault]

TASK [minio : Install the vault TLS certificate] *******************************
ok: [vault] => (item=public.crt)
ok: [vault] => (item=private.key)

TASK [minio : Write MinIO environment] *****************************************
ok: [vault]

TASK [minio : Install MinIO unit] **********************************************
ok: [vault]

TASK [minio : Start MinIO] *****************************************************
ok: [vault]

TASK [minio : Apply MinIO restarts now] ****************************************

TASK [minio : Wait for MinIO to be ready] **************************************
ok: [vault]

TASK [minio : Configure the local mc alias] ************************************
ok: [vault]

TASK [minio : Apply profile-specific configuration] ****************************
included: /work/infra/ansible/roles/minio/tasks/vault.yml for vault

TASK [minio : Create Object Lock buckets] **************************************
ok: [vault] => (item=pgbackrest)
ok: [vault] => (item=attachments)

TASK [minio : Set default compliance retention] ********************************
ok: [vault] => (item=pgbackrest)
ok: [vault] => (item=attachments)

TASK [minio : Read lifecycle rules] ********************************************
ok: [vault] => (item=pgbackrest)
ok: [vault] => (item=attachments)

TASK [minio : Expire noncurrent versions once the lock has lapsed] *************
skipping: [vault] => (item=pgbackrest) 
skipping: [vault] => (item=attachments) 
skipping: [vault]

TASK [minio : Write the production writer policy] ******************************
ok: [vault]

TASK [minio : Create the production writer policy] *****************************
ok: [vault]

TASK [minio : Create the production writer user] *******************************
ok: [vault]

TASK [minio : Read the production writer's policies] ***************************
ok: [vault]

TASK [minio : Attach the policy to the production writer] **********************
skipping: [vault]

TASK [minio : Install the replica lock sweeper] ********************************
ok: [vault] => (item=/usr/local/bin/vault-lock-sweeper)
ok: [vault] => (item=/etc/systemd/system/vault-lock-sweeper.service)
ok: [vault] => (item=/etc/systemd/system/vault-lock-sweeper.timer)

TASK [minio : Enable the replica lock sweeper] *********************************
ok: [vault]

PLAY [Site object stores] ******************************************************

TASK [Gathering Facts] *********************************************************
ok: [obj-a]
ok: [obj-b]

TASK [minio : Create minio-user] ***********************************************
ok: [obj-a]
ok: [obj-b]

TASK [minio : Install MinIO server] ********************************************
ok: [obj-a]
ok: [obj-b]

TASK [minio : Install MinIO client] ********************************************
ok: [obj-a]
ok: [obj-b]

TASK [minio : Create MinIO directories] ****************************************
ok: [obj-a] => (item=/var/lib/minio)
ok: [obj-b] => (item=/var/lib/minio)
ok: [obj-a] => (item=/etc/minio/certs)
ok: [obj-b] => (item=/etc/minio/certs)
ok: [obj-a] => (item=/etc/minio/certs/CAs)
ok: [obj-b] => (item=/etc/minio/certs/CAs)

TASK [minio : Trust the disavery CA for outbound TLS (replication)] ************
ok: [obj-a]
ok: [obj-b]

TASK [minio : Install the vault TLS certificate] *******************************
skipping: [obj-a] => (item=public.crt) 
skipping: [obj-a] => (item=private.key) 
skipping: [obj-a]
skipping: [obj-b] => (item=public.crt) 
skipping: [obj-b] => (item=private.key) 
skipping: [obj-b]

TASK [minio : Write MinIO environment] *****************************************
ok: [obj-a]
ok: [obj-b]

TASK [minio : Install MinIO unit] **********************************************
ok: [obj-a]
ok: [obj-b]

TASK [minio : Start MinIO] *****************************************************
ok: [obj-a]
ok: [obj-b]

TASK [minio : Apply MinIO restarts now] ****************************************

TASK [minio : Apply MinIO restarts now] ****************************************

TASK [minio : Wait for MinIO to be ready] **************************************
ok: [obj-a]
ok: [obj-b]

TASK [minio : Configure the local mc alias] ************************************
ok: [obj-a]
ok: [obj-b]

TASK [minio : Apply profile-specific configuration] ****************************
included: /work/infra/ansible/roles/minio/tasks/site.yml for obj-a, obj-b

TASK [minio : Create the attachments bucket] ***********************************
ok: [obj-a]
ok: [obj-b]

TASK [minio : Enable versioning] ***********************************************
ok: [obj-a]
ok: [obj-b]

TASK [minio : Copy the docsvc policy] ******************************************
ok: [obj-a]
ok: [obj-b]

TASK [minio : Create the docsvc policy] ****************************************
ok: [obj-a]
ok: [obj-b]

TASK [minio : Create the docsvc user] ******************************************
ok: [obj-a]
ok: [obj-b]

TASK [minio : Read the docsvc user's policies] *********************************
ok: [obj-a]
ok: [obj-b]

TASK [minio : Attach the policy to docsvc] *************************************
skipping: [obj-a]
skipping: [obj-b]

TASK [minio : Read replication rules] ******************************************
ok: [obj-a]
ok: [obj-b]

TASK [minio : Index replication rules by priority] *****************************
ok: [obj-a]
ok: [obj-b]

TASK [minio : Replicate attachments to the vault] ******************************
skipping: [obj-a]
skipping: [obj-b]

TASK [minio : Replicate attachments to the standby site] ***********************
skipping: [obj-a]
changed: [obj-b]

TASK [minio : Stop replicating to a site that is no longer a standby] **********
skipping: [obj-a]
skipping: [obj-b]

TASK [minio : Point mc at the active site's store] *****************************
skipping: [obj-b]
ok: [obj-a]

TASK [minio : Copy the attachments the standby lacks] **************************
skipping: [obj-b]
changed: [obj-a]

PLAY [Primary database] ********************************************************

TASK [Gathering Facts] *********************************************************
ok: [db-b]

TASK [postgres : Add the PGDG signing key] *************************************
ok: [db-b]

TASK [postgres : Add the PGDG repository] **************************************
ok: [db-b]

TASK [postgres : Install postgresql-common] ************************************
ok: [db-b]

TASK [postgres : Create the createcluster.d directory] *************************
ok: [db-b]

TASK [postgres : Create new clusters with data checksums] **********************
ok: [db-b]

TASK [postgres : Install PostgreSQL] *******************************************
ok: [db-b]

TASK [postgres : Configure PostgreSQL] *****************************************
ok: [db-b]

TASK [postgres : Allow application and replication connections] ****************
ok: [db-b]

TASK [postgres : Let PostgreSQL authenticate as replicator to other sites] *****
ok: [db-b]

TASK [postgres : Create the PostgreSQL unit drop-in directory] *****************
ok: [db-b]

TASK [postgres : Checkpoint after every start so archive_timeout applies at once] ***
ok: [db-b]

TASK [postgres : Load the unit drop-in now] ************************************

TASK [postgres : Start PostgreSQL] *********************************************
ok: [db-b]

TASK [postgres : Apply PostgreSQL changes now] *********************************

TASK [postgres : Create the application role] **********************************
ok: [db-b]

TASK [postgres : Create the application database] ******************************
ok: [db-b]

TASK [postgres : Create the replication role] **********************************
ok: [db-b]

TASK [postgres : Allow the replication role to run pg_rewind] ******************
ok: [db-b]

TASK [postgres : Create the monitoring role] ***********************************
ok: [db-b]

TASK [postgres : Grant pg_monitor to the monitoring role] **********************
ok: [db-b]

TASK [postgres : Enable amcheck for integrity verification] ********************
ok: [db-b]

TASK [pgbackrest : Install pgBackRest] *****************************************
ok: [db-b]

TASK [pgbackrest : Remove the legacy configuration file] ***********************
ok: [db-b]

TASK [pgbackrest : Create pgBackRest directories] ******************************
ok: [db-b] => (item=/etc/pgbackrest)
ok: [db-b] => (item=/var/lib/pgbackrest)
ok: [db-b] => (item=/var/spool/pgbackrest)
ok: [db-b] => (item=/var/log/pgbackrest)

TASK [pgbackrest : Configure pgBackRest] ***************************************
ok: [db-b]

TASK [pgbackrest : Create the stanza (idempotent)] *****************************
ok: [db-b]

TASK [pgbackrest : Check archiving and both repositories] **********************
ok: [db-b]

TASK [pgbackrest : Read the backup inventory] **********************************
ok: [db-b]

TASK [pgbackrest : Take an initial full backup in each repository] *************
skipping: [db-b] => (item=1) 
skipping: [db-b] => (item=2) 
skipping: [db-b]

TASK [pgbackrest : Install backup units] ***************************************
ok: [db-b] => (item=pgbackrest-backup@.service)
ok: [db-b] => (item=pgbackrest-full.timer)
ok: [db-b] => (item=pgbackrest-incr.timer)

TASK [pgbackrest : Enable backup timers] ***************************************
ok: [db-b] => (item=pgbackrest-full.timer)
ok: [db-b] => (item=pgbackrest-incr.timer)

TASK [postgres_exporter : Create the postgres_exporter user] *******************
ok: [db-b]

TASK [postgres_exporter : Download postgres_exporter] **************************
ok: [db-b]

TASK [postgres_exporter : Unpack postgres_exporter] ****************************
skipping: [db-b]

TASK [postgres_exporter : Install postgres_exporter] ***************************
ok: [db-b]

TASK [postgres_exporter : Install the postgres_exporter unit] ******************
ok: [db-b]

TASK [postgres_exporter : Start postgres_exporter] *****************************
ok: [db-b]

PLAY [Standby database] ********************************************************

TASK [Gathering Facts] *********************************************************
ok: [db-a]

TASK [Install PostgreSQL] ******************************************************
included: postgres for db-a

TASK [postgres : Add the PGDG signing key] *************************************
ok: [db-a]

TASK [postgres : Add the PGDG repository] **************************************
ok: [db-a]

TASK [postgres : Install postgresql-common] ************************************
ok: [db-a]

TASK [postgres : Create the createcluster.d directory] *************************
ok: [db-a]

TASK [postgres : Create new clusters with data checksums] **********************
ok: [db-a]

TASK [postgres : Install PostgreSQL] *******************************************
ok: [db-a]

TASK [Configure PostgreSQL files] **********************************************
included: postgres for db-a

TASK [postgres : Configure PostgreSQL] *****************************************
ok: [db-a]

TASK [postgres : Allow application and replication connections] ****************
ok: [db-a]

TASK [postgres : Let PostgreSQL authenticate as replicator to other sites] *****
ok: [db-a]

TASK [postgres : Create the PostgreSQL unit drop-in directory] *****************
ok: [db-a]

TASK [postgres : Checkpoint after every start so archive_timeout applies at once] ***
ok: [db-a]

TASK [postgres : Load the unit drop-in now] ************************************

TASK [Install and configure pgBackRest] ****************************************
included: pgbackrest for db-a

TASK [pgbackrest : Install pgBackRest] *****************************************
ok: [db-a]

TASK [pgbackrest : Remove the legacy configuration file] ***********************
ok: [db-a]

TASK [pgbackrest : Create pgBackRest directories] ******************************
ok: [db-a] => (item=/etc/pgbackrest)
ok: [db-a] => (item=/var/lib/pgbackrest)
ok: [db-a] => (item=/var/spool/pgbackrest)
ok: [db-a] => (item=/var/log/pgbackrest)

TASK [pgbackrest : Configure pgBackRest] ***************************************
ok: [db-a]

TASK [replica : Fetch WAL from the repositories when streaming falls behind] ***
ok: [db-a]

TASK [replica : Check whether this node is already a standby] ******************
ok: [db-a]

TASK [replica : Stop PostgreSQL] ***********************************************
skipping: [db-a]

TASK [replica : Remove the initial cluster's data] *****************************
skipping: [db-a]

TASK [replica : Copy the primary with pg_basebackup] ***************************
skipping: [db-a]

TASK [replica : Start PostgreSQL] **********************************************
changed: [db-a]

TASK [replica : Apply PostgreSQL changes now] **********************************

TASK [replica : Wait until the standby streams from the primary] ***************
ok: [db-a]

TASK [postgres_exporter : Create the postgres_exporter user] *******************
ok: [db-a]

TASK [postgres_exporter : Download postgres_exporter] **************************
ok: [db-a]

TASK [postgres_exporter : Unpack postgres_exporter] ****************************
skipping: [db-a]

TASK [postgres_exporter : Install postgres_exporter] ***************************
ok: [db-a]

TASK [postgres_exporter : Install the postgres_exporter unit] ******************
ok: [db-a]

TASK [postgres_exporter : Start postgres_exporter] *****************************
ok: [db-a]

PLAY [Payment provider mock] ***************************************************

TASK [Gathering Facts] *********************************************************
ok: [webhook]

TASK [webhookmock : Install the webhookmock binary] ****************************
ok: [webhook]

TASK [webhookmock : Write the webhookmock environment] *************************
ok: [webhook]

TASK [webhookmock : Install the webhookmock unit] ******************************
ok: [webhook]

TASK [webhookmock : Start webhookmock] *****************************************
ok: [webhook]

TASK [webhookmock : Apply webhookmock restarts now] ****************************

TASK [webhookmock : Wait for webhookmock] **************************************
ok: [webhook]

PLAY [Applications] ************************************************************

TASK [Gathering Facts] *********************************************************
ok: [app-a]
ok: [app-b]

TASK [docsvc : Create the docsvc user] *****************************************
ok: [app-a]
ok: [app-b]

TASK [docsvc : Install the docsvc binary] **************************************
ok: [app-a]
ok: [app-b]

TASK [docsvc : Write the docsvc environment] ***********************************
ok: [app-a]
ok: [app-b]

TASK [docsvc : Install the docsvc unit] ****************************************
ok: [app-a]
ok: [app-b]

TASK [docsvc : Start or stop docsvc] *******************************************
ok: [app-a]
ok: [app-b]

TASK [docsvc : Apply docsvc restarts now] **************************************

TASK [docsvc : Apply docsvc restarts now] **************************************

TASK [docsvc : Wait for docsvc readiness] **************************************
skipping: [app-a]
ok: [app-b]

PLAY [Monitoring targets] ******************************************************

TASK [monitoring_targets : Publish the database scrape targets] ****************
changed: [localhost]

PLAY RECAP *********************************************************************
app-a                      : ok=12   changed=0    unreachable=0    failed=0    skipped=1    rescued=0    ignored=0   
app-b                      : ok=13   changed=0    unreachable=0    failed=0    skipped=0    rescued=0    ignored=0   
db-a                       : ok=34   changed=1    unreachable=0    failed=0    skipped=4    rescued=0    ignored=0   
db-b                       : ok=40   changed=0    unreachable=0    failed=0    skipped=2    rescued=0    ignored=0   
localhost                  : ok=1    changed=1    unreachable=0    failed=0    skipped=0    rescued=0    ignored=0   
obj-a                      : ok=28   changed=1    unreachable=0    failed=0    skipped=5    rescued=0    ignored=0   
obj-b                      : ok=27   changed=1    unreachable=0    failed=0    skipped=6    rescued=0    ignored=0   
vault                      : ok=28   changed=0    unreachable=0    failed=0    skipped=2    rescued=0    ignored=0   
webhook                    : ok=12   changed=0    unreachable=0    failed=0    skipped=0    rescued=0    ignored=0   

# end 2026-10-07T18:45:21.936100106Z ok
