# step provision-site-b (run) in phase recover
# start 2026-10-08T14:17:04.37337883Z
# attempt 1
active_site=a standby_site= site_a_enabled=true site_b_enabled=true
local_file.inventory: Refreshing state... [id=0b17e6ea766b23effcff91ba7c71c0b1d10805b3]
data.docker_network.wan: Reading...
module.site["b"].module.node["obj"].data.docker_image.this: Reading...
module.site["b"].module.node["app"].data.docker_image.this: Reading...
module.site["b"].module.node["db"].data.docker_image.this: Reading...
data.docker_network.wan: Read complete after 0s [id=41924cf4b208fd467ee4642801a045d68416561c03ceda4d40fad14b383b6ec2]
module.site["b"].module.node["db"].data.docker_image.this: Read complete after 0s [id=sha256:a5b1b27fc32fa2adaaf4ca34e98e1fba5f255b7200a5b6c82926334199fdcd8c]
module.site["b"].module.node["obj"].data.docker_image.this: Read complete after 0s [id=sha256:a5b1b27fc32fa2adaaf4ca34e98e1fba5f255b7200a5b6c82926334199fdcd8c]
module.site["b"].module.node["app"].data.docker_image.this: Read complete after 0s [id=sha256:a5b1b27fc32fa2adaaf4ca34e98e1fba5f255b7200a5b6c82926334199fdcd8c]

Terraform used the selected providers to generate the following execution
plan. Resource actions are indicated with the following symbols:
  + create
-/+ destroy and then create replacement

Terraform will perform the following actions:

  # local_file.inventory must be replaced
-/+ resource "local_file" "inventory" {
      ~ content              = <<-EOT # forces replacement
            "all":
              "children":
                "active":
                  "hosts":
                    "app-a": {}
                    "db-a": {}
                    "obj-a": {}
                "app":
                  "hosts":
                    "app-a":
                      "site": "a"
                      "wan_ip": "172.31.0.21"
                      "zone_subnet": "172.31.1.0/24"
          +         "app-b":
          +           "site": "b"
          +           "wan_ip": "172.31.0.31"
          +           "zone_subnet": "172.31.2.0/24"
                "db":
                  "hosts":
                    "db-a":
                      "site": "a"
                      "wan_ip": "172.31.0.22"
                      "zone_subnet": "172.31.1.0/24"
          +         "db-b":
          +           "site": "b"
          +           "wan_ip": "172.31.0.32"
          +           "zone_subnet": "172.31.2.0/24"
                "obj":
                  "hosts":
                    "obj-a":
                      "site": "a"
                      "wan_ip": "172.31.0.23"
                      "zone_subnet": "172.31.1.0/24"
          +         "obj-b":
          +           "site": "b"
          +           "wan_ip": "172.31.0.33"
          +           "zone_subnet": "172.31.2.0/24"
                "restores":
                  "hosts": {}
                "site_a":
                  "hosts":
                    "app-a": {}
                    "db-a": {}
                    "obj-a": {}
                "site_b":
          -       "hosts": {}
          +       "hosts":
          +         "app-b": {}
          +         "db-b": {}
          +         "obj-b": {}
                "standby":
                  "hosts": {}
                "vaults":
                  "hosts":
                    "vault":
                      "wan_ip": "172.31.0.40"
                "webhooks":
                  "hosts":
                    "webhook":
                      "wan_ip": "172.31.0.12"
              "vars":
                "active_site": "a"
                "standby_site": ""
        EOT
      ~ content_base64sha256 = "paOj+5q9UTfwRsbgXcTUlge5YvL5npZC+xeUsr7bL78=" -> (known after apply)
      ~ content_base64sha512 = "cBUFBiwl6+1awd2/UzEbg5O6dxDEk8hm9xAG7MW5hzU9haSA+pO0uu66nNU5pKiBoz8PE3i6QNTxJ9nJLp1v4g==" -> (known after apply)
      ~ content_md5          = "e7bdbdb1b1119ec1e3aa18a9512c73c1" -> (known after apply)
      ~ content_sha1         = "0b17e6ea766b23effcff91ba7c71c0b1d10805b3" -> (known after apply)
      ~ content_sha256       = "a5a3a3fb9abd5137f046c6e05dc4d49607b962f2f99e9642fb1794b2bedb2fbf" -> (known after apply)
      ~ content_sha512       = "701505062c25ebed5ac1ddbf53311b8393ba7710c493c866f71006ecc5b987353d85a480fa93b4baeeba9cd539a4a881a33f0f1378ba40d4f127d9c92e9d6fe2" -> (known after apply)
      ~ id                   = "0b17e6ea766b23effcff91ba7c71c0b1d10805b3" -> (known after apply)
        # (3 unchanged attributes hidden)
    }

  # module.site["b"].docker_network.zone will be created
  + resource "docker_network" "zone" {
      + driver      = (known after apply)
      + id          = (known after apply)
      + internal    = (known after apply)
      + ipam_driver = "default"
      + name        = "disavery-site-b"
      + options     = (known after apply)
      + scope       = (known after apply)

      + ipam_config {
          + gateway  = "172.31.2.1"
          + subnet   = "172.31.2.0/24"
            # (1 unchanged attribute hidden)
        }

      + labels {
          + label = "disavery.env"
          + value = "drill"
        }
    }

  # module.site["b"].module.node["app"].docker_container.this will be created
  + resource "docker_container" "this" {
      + attach                                      = false
      + bridge                                      = (known after apply)
      + command                                     = (known after apply)
      + container_logs                              = (known after apply)
      + container_read_refresh_timeout_milliseconds = 15000
      + dns                                         = [
          + "172.31.0.10",
        ]
      + entrypoint                                  = (known after apply)
      + env                                         = (known after apply)
      + exit_code                                   = (known after apply)
      + hostname                                    = "app-b"
      + id                                          = (known after apply)
      + image                                       = "sha256:a5b1b27fc32fa2adaaf4ca34e98e1fba5f255b7200a5b6c82926334199fdcd8c"
      + init                                        = (known after apply)
      + ipc_mode                                    = (known after apply)
      + log_driver                                  = (known after apply)
      + logs                                        = false
      + must_run                                    = true
      + name                                        = "app-b"
      + network_data                                = (known after apply)
      + network_mode                                = "bridge"
      + privileged                                  = true
      + read_only                                   = false
      + remove_volumes                              = true
      + restart                                     = "no"
      + rm                                          = false
      + runtime                                     = (known after apply)
      + security_opts                               = (known after apply)
      + shm_size                                    = (known after apply)
      + start                                       = true
      + stdin_open                                  = false
      + stop_signal                                 = (known after apply)
      + stop_timeout                                = (known after apply)
      + tmpfs                                       = {
          + "/run"      = "rw"
          + "/run/lock" = "rw"
        }
      + tty                                         = false
      + wait                                        = false
      + wait_timeout                                = 60

      + healthcheck (known after apply)

      + labels {
          + label = "disavery.env"
          + value = "drill"
        }
      + labels {
          + label = "disavery.node"
          + value = "app-b"
        }
      + labels {
          + label = "disavery.role"
          + value = "app"
        }
      + labels {
          + label = "disavery.site"
          + value = "b"
        }

      + networks_advanced {
          + aliases      = [
              + "app-b",
            ]
          + name         = "disavery-site-b"
            # (2 unchanged attributes hidden)
        }
      + networks_advanced {
          + aliases      = [
              + "app-b",
            ]
          + ipv4_address = "172.31.0.31"
          + name         = "disavery-wan"
            # (1 unchanged attribute hidden)
        }

      + upload {
          + content        = <<-EOT
                ssh-ed25519 AAAAC3NzaC1lZDI1NTE5AAAAIKEeLGgZ409CSmAsXXdcuReyhhsR5SqJ9rqS06BDBgtg disavery
            EOT
          + executable     = false
          + file           = "/root/.ssh/authorized_keys"
            # (3 unchanged attributes hidden)
        }
    }

  # module.site["b"].module.node["db"].docker_container.this will be created
  + resource "docker_container" "this" {
      + attach                                      = false
      + bridge                                      = (known after apply)
      + command                                     = (known after apply)
      + container_logs                              = (known after apply)
      + container_read_refresh_timeout_milliseconds = 15000
      + dns                                         = [
          + "172.31.0.10",
        ]
      + entrypoint                                  = (known after apply)
      + env                                         = (known after apply)
      + exit_code                                   = (known after apply)
      + hostname                                    = "db-b"
      + id                                          = (known after apply)
      + image                                       = "sha256:a5b1b27fc32fa2adaaf4ca34e98e1fba5f255b7200a5b6c82926334199fdcd8c"
      + init                                        = (known after apply)
      + ipc_mode                                    = (known after apply)
      + log_driver                                  = (known after apply)
      + logs                                        = false
      + must_run                                    = true
      + name                                        = "db-b"
      + network_data                                = (known after apply)
      + network_mode                                = "bridge"
      + privileged                                  = true
      + read_only                                   = false
      + remove_volumes                              = true
      + restart                                     = "no"
      + rm                                          = false
      + runtime                                     = (known after apply)
      + security_opts                               = (known after apply)
      + shm_size                                    = (known after apply)
      + start                                       = true
      + stdin_open                                  = false
      + stop_signal                                 = (known after apply)
      + stop_timeout                                = (known after apply)
      + tmpfs                                       = {
          + "/run"      = "rw"
          + "/run/lock" = "rw"
        }
      + tty                                         = false
      + wait                                        = false
      + wait_timeout                                = 60

      + healthcheck (known after apply)

      + labels {
          + label = "disavery.env"
          + value = "drill"
        }
      + labels {
          + label = "disavery.node"
          + value = "db-b"
        }
      + labels {
          + label = "disavery.role"
          + value = "db"
        }
      + labels {
          + label = "disavery.site"
          + value = "b"
        }

      + networks_advanced {
          + aliases      = [
              + "db-b",
            ]
          + name         = "disavery-site-b"
            # (2 unchanged attributes hidden)
        }
      + networks_advanced {
          + aliases      = [
              + "db-b",
            ]
          + ipv4_address = "172.31.0.32"
          + name         = "disavery-wan"
            # (1 unchanged attribute hidden)
        }

      + upload {
          + content        = <<-EOT
                ssh-ed25519 AAAAC3NzaC1lZDI1NTE5AAAAIKEeLGgZ409CSmAsXXdcuReyhhsR5SqJ9rqS06BDBgtg disavery
            EOT
          + executable     = false
          + file           = "/root/.ssh/authorized_keys"
            # (3 unchanged attributes hidden)
        }
    }

  # module.site["b"].module.node["obj"].docker_container.this will be created
  + resource "docker_container" "this" {
      + attach                                      = false
      + bridge                                      = (known after apply)
      + command                                     = (known after apply)
      + container_logs                              = (known after apply)
      + container_read_refresh_timeout_milliseconds = 15000
      + dns                                         = [
          + "172.31.0.10",
        ]
      + entrypoint                                  = (known after apply)
      + env                                         = (known after apply)
      + exit_code                                   = (known after apply)
      + hostname                                    = "obj-b"
      + id                                          = (known after apply)
      + image                                       = "sha256:a5b1b27fc32fa2adaaf4ca34e98e1fba5f255b7200a5b6c82926334199fdcd8c"
      + init                                        = (known after apply)
      + ipc_mode                                    = (known after apply)
      + log_driver                                  = (known after apply)
      + logs                                        = false
      + must_run                                    = true
      + name                                        = "obj-b"
      + network_data                                = (known after apply)
      + network_mode                                = "bridge"
      + privileged                                  = true
      + read_only                                   = false
      + remove_volumes                              = true
      + restart                                     = "no"
      + rm                                          = false
      + runtime                                     = (known after apply)
      + security_opts                               = (known after apply)
      + shm_size                                    = (known after apply)
      + start                                       = true
      + stdin_open                                  = false
      + stop_signal                                 = (known after apply)
      + stop_timeout                                = (known after apply)
      + tmpfs                                       = {
          + "/run"      = "rw"
          + "/run/lock" = "rw"
        }
      + tty                                         = false
      + wait                                        = false
      + wait_timeout                                = 60

      + healthcheck (known after apply)

      + labels {
          + label = "disavery.env"
          + value = "drill"
        }
      + labels {
          + label = "disavery.node"
          + value = "obj-b"
        }
      + labels {
          + label = "disavery.role"
          + value = "obj"
        }
      + labels {
          + label = "disavery.site"
          + value = "b"
        }

      + networks_advanced {
          + aliases      = [
              + "obj-b",
            ]
          + name         = "disavery-site-b"
            # (2 unchanged attributes hidden)
        }
      + networks_advanced {
          + aliases      = [
              + "obj-b",
            ]
          + ipv4_address = "172.31.0.33"
          + name         = "disavery-wan"
            # (1 unchanged attribute hidden)
        }

      + upload {
          + content        = <<-EOT
                ssh-ed25519 AAAAC3NzaC1lZDI1NTE5AAAAIKEeLGgZ409CSmAsXXdcuReyhhsR5SqJ9rqS06BDBgtg disavery
            EOT
          + executable     = false
          + file           = "/root/.ssh/authorized_keys"
            # (3 unchanged attributes hidden)
        }
    }

Plan: 5 to add, 0 to change, 1 to destroy.
local_file.inventory: Destroying... [id=0b17e6ea766b23effcff91ba7c71c0b1d10805b3]
local_file.inventory: Destruction complete after 0s
module.site["b"].docker_network.zone: Creating...
local_file.inventory: Creating...
local_file.inventory: Creation complete after 0s [id=ef97d985029700be6dcd2f0490d142c339706ae7]
module.site["b"].docker_network.zone: Creation complete after 2s [id=c66d99b2df9d01bc0f16816bf5744503c6c31778c50cb7353c0af0b74b1040f2]
module.site["b"].module.node["app"].docker_container.this: Creating...
module.site["b"].module.node["db"].docker_container.this: Creating...
module.site["b"].module.node["obj"].docker_container.this: Creating...
module.site["b"].module.node["app"].docker_container.this: Creation complete after 1s [id=4d41f9d69f7dbbe6df90a5a9b54bd06707869fbd1a10129b8810cb9dcb995c9d]
module.site["b"].module.node["obj"].docker_container.this: Creation complete after 1s [id=9dc9c00135ac580324f3bbfba3c8c495e9c8eff9ffffae5ea89dcc63a540ff60]
module.site["b"].module.node["db"].docker_container.this: Creation complete after 1s [id=21229ad11c3d5279a0697d4832450c685354855e7881c9053dbc79a6015f2c5a]

Warning: Resource targeting is in effect

You are creating a plan with the -target option, which means that the result
of this plan may not represent all of the changes requested by the current
configuration.

The -target option is not for routine use, and is provided only for
exceptional situations such as recovering from errors or mistakes, or when
Terraform specifically suggests to use it as part of an error message.

Warning: Applied changes may be incomplete

The plan was created with the -target option in effect, so some changes
requested in the configuration may have been ignored and the output values
may not be fully updated. Run the following command to verify that no other
changes are pending:
    terraform plan

Note that the -target option is not suitable for routine use, and is provided
only for exceptional situations such as recovering from errors or mistakes,
or when Terraform specifically suggests to use it as part of an error
message.

Apply complete! Resources: 5 added, 0 changed, 1 destroyed.

Outputs:

active_site = "a"
ip = {
  "alertmanager" = "172.31.0.14"
  "app-a" = "172.31.0.21"
  "app-b" = "172.31.0.31"
  "db-a" = "172.31.0.22"
  "db-b" = "172.31.0.32"
  "dns" = "172.31.0.10"
  "edge" = "172.31.0.11"
  "obj-a" = "172.31.0.23"
  "obj-b" = "172.31.0.33"
  "prometheus" = "172.31.0.13"
  "restore" = "172.31.0.50"
  "vault" = "172.31.0.40"
  "webhook" = "172.31.0.12"
}
# end 2026-10-08T14:17:09.186188187Z ok
