# step build-site-b (run) in phase recover
# start 2026-10-07T18:40:25.670199229Z
# attempt 1

PLAY [Prepare the DR site] *****************************************************

TASK [Wait for SSH] ************************************************************
ok: [app-b]
ok: [db-b]
ok: [obj-b]

TASK [Load SOPS secrets] *******************************************************
ok: [app-b]
ok: [db-b]
ok: [obj-b]

TASK [Gather facts] ************************************************************
ok: [db-b]
ok: [app-b]
ok: [obj-b]

PLAY [Base configuration] ******************************************************

TASK [Gathering Facts] *********************************************************
ok: [app-b]
ok: [db-b]
ok: [obj-b]

TASK [base : Install base packages] ********************************************
changed: [db-b]
changed: [obj-b]
changed: [app-b]

TASK [base : Trust the disavery CA] ********************************************
changed: [obj-b]
changed: [app-b]
changed: [db-b]

TASK [base : Apply CA changes now] *********************************************

TASK [base : Apply CA changes now] *********************************************

TASK [base : Apply CA changes now] *********************************************

RUNNING HANDLER [base : Update CA certificates] ********************************
changed: [app-b]
changed: [db-b]
changed: [obj-b]

PLAY [Object store] ************************************************************

TASK [Gathering Facts] *********************************************************
ok: [obj-b]

TASK [minio : Create minio-user] ***********************************************
changed: [obj-b]

TASK [minio : Install MinIO server] ********************************************
changed: [obj-b]

TASK [minio : Install MinIO client] ********************************************
changed: [obj-b]

TASK [minio : Create MinIO directories] ****************************************
changed: [obj-b] => (item=/var/lib/minio)
changed: [obj-b] => (item=/etc/minio/certs)
changed: [obj-b] => (item=/etc/minio/certs/CAs)

TASK [minio : Trust the disavery CA for outbound TLS (replication)] ************
changed: [obj-b]

TASK [minio : Install the vault TLS certificate] *******************************
skipping: [obj-b] => (item=public.crt) 
skipping: [obj-b] => (item=private.key) 
skipping: [obj-b]

TASK [minio : Write MinIO environment] *****************************************
changed: [obj-b]

TASK [minio : Install MinIO unit] **********************************************
changed: [obj-b]

TASK [minio : Start MinIO] *****************************************************
changed: [obj-b]

TASK [minio : Apply MinIO restarts now] ****************************************

RUNNING HANDLER [minio : Restart MinIO] ****************************************
changed: [obj-b]

TASK [minio : Wait for MinIO to be ready] **************************************
ok: [obj-b]

TASK [minio : Configure the local mc alias] ************************************
ok: [obj-b]

TASK [minio : Apply profile-specific configuration] ****************************
included: /work/infra/ansible/roles/minio/tasks/site.yml for obj-b

TASK [minio : Create the attachments bucket] ***********************************
changed: [obj-b]

TASK [minio : Enable versioning] ***********************************************
ok: [obj-b]

TASK [minio : Copy the docsvc policy] ******************************************
changed: [obj-b]

TASK [minio : Create the docsvc policy] ****************************************
ok: [obj-b]

TASK [minio : Create the docsvc user] ******************************************
ok: [obj-b]

TASK [minio : Read the docsvc user's policies] *********************************
ok: [obj-b]

TASK [minio : Attach the policy to docsvc] *************************************
changed: [obj-b]

TASK [minio : Read replication rules] ******************************************
ok: [obj-b]

TASK [minio : Index replication rules by priority] *****************************
ok: [obj-b]

TASK [minio : Replicate attachments to the vault] ******************************
skipping: [obj-b]

TASK [minio : Replicate attachments to the standby site] ***********************
skipping: [obj-b]

TASK [minio : Stop replicating to a site that is no longer a standby] **********
skipping: [obj-b]

TASK [minio : Point mc at the active site's store] *****************************
skipping: [obj-b]

TASK [minio : Copy the attachments the standby lacks] **************************
skipping: [obj-b]

PLAY [Database from repo2] *****************************************************

TASK [Gathering Facts] *********************************************************
ok: [db-b]

TASK [restore : Check the restore parameters] **********************************
ok: [db-b] => 
    changed: false
    msg: All assertions passed

TASK [Install PostgreSQL] ******************************************************
included: postgres for db-b

TASK [postgres : Add the PGDG signing key] *************************************
changed: [db-b]

TASK [postgres : Add the PGDG repository] **************************************
changed: [db-b]

TASK [postgres : Install postgresql-common] ************************************
changed: [db-b]

TASK [postgres : Create the createcluster.d directory] *************************
changed: [db-b]

TASK [postgres : Create new clusters with data checksums] **********************
changed: [db-b]

TASK [postgres : Install PostgreSQL] *******************************************
changed: [db-b]

TASK [Install and configure pgBackRest] ****************************************
included: pgbackrest for db-b

TASK [pgbackrest : Install pgBackRest] *****************************************
changed: [db-b]

TASK [pgbackrest : Remove the legacy configuration file] ***********************
changed: [db-b]

TASK [pgbackrest : Create pgBackRest directories] ******************************
changed: [db-b] => (item=/etc/pgbackrest)
ok: [db-b] => (item=/var/lib/pgbackrest)
ok: [db-b] => (item=/var/spool/pgbackrest)
ok: [db-b] => (item=/var/log/pgbackrest)

TASK [pgbackrest : Configure pgBackRest] ***************************************
changed: [db-b]

TASK [restore : Never archive from an isolated restore] ************************
skipping: [db-b]

TASK [Archive from a restore that becomes the primary] *************************
included: postgres for db-b

TASK [postgres : Configure PostgreSQL] *****************************************
changed: [db-b]

TASK [postgres : Allow application and replication connections] ****************
changed: [db-b]

TASK [postgres : Let PostgreSQL authenticate as replicator to other sites] *****
changed: [db-b]

TASK [postgres : Create the PostgreSQL unit drop-in directory] *****************
changed: [db-b]

TASK [postgres : Checkpoint after every start so archive_timeout applies at once] ***
changed: [db-b]

TASK [postgres : Load the unit drop-in now] ************************************

RUNNING HANDLER [postgres : Restart PostgreSQL] ********************************
changed: [db-b]

RUNNING HANDLER [postgres : Reload PostgreSQL] *********************************
changed: [db-b]

RUNNING HANDLER [postgres : Reload systemd] ************************************
ok: [db-b]

TASK [restore : Stop PostgreSQL] ***********************************************
changed: [db-b]

TASK [restore : Restore the backup] ********************************************
[WARNING]: Module remote_tmp /var/lib/postgresql/.ansible/tmp did not exist and
was created with a mode of 0700, this may cause issues when running as another
user. To avoid this, create the remote_tmp dir with the correct permissions
manually
changed: [db-b]

TASK [restore : Start PostgreSQL] **********************************************
changed: [db-b]

TASK [restore : Wait until recovery is complete and the cluster is promoted] ***
FAILED - RETRYING: [db-b]: Wait until recovery is complete and the cluster is promoted (120 retries left).
ok: [db-b]

TASK [postgres : Add the PGDG signing key] *************************************
ok: [db-b]

TASK [postgres : Add the PGDG repository] **************************************
ok: [db-b]

TASK [postgres : Install postgresql-common] ************************************
ok: [db-b]

TASK [postgres : Create the createcluster.d directory] *************************
ok: [db-b]

TASK [postgres : Create new clusters with data checksums] **********************
ok: [db-b]

TASK [postgres : Install PostgreSQL] *******************************************
ok: [db-b]

TASK [postgres : Configure PostgreSQL] *****************************************
ok: [db-b]

TASK [postgres : Allow application and replication connections] ****************
ok: [db-b]

TASK [postgres : Let PostgreSQL authenticate as replicator to other sites] *****
ok: [db-b]

TASK [postgres : Create the PostgreSQL unit drop-in directory] *****************
ok: [db-b]

TASK [postgres : Checkpoint after every start so archive_timeout applies at once] ***
ok: [db-b]

TASK [postgres : Load the unit drop-in now] ************************************

TASK [postgres : Start PostgreSQL] *********************************************
ok: [db-b]

TASK [postgres : Apply PostgreSQL changes now] *********************************

TASK [postgres : Create the application role] **********************************
ok: [db-b]

TASK [postgres : Create the application database] ******************************
ok: [db-b]

TASK [postgres : Create the replication role] **********************************
ok: [db-b]

TASK [postgres : Allow the replication role to run pg_rewind] ******************
ok: [db-b]

TASK [postgres : Create the monitoring role] ***********************************
ok: [db-b]

TASK [postgres : Grant pg_monitor to the monitoring role] **********************
ok: [db-b]

TASK [postgres : Enable amcheck for integrity verification] ********************
ok: [db-b]

TASK [pgbackrest : Install pgBackRest] *****************************************
ok: [db-b]

TASK [pgbackrest : Remove the legacy configuration file] ***********************
ok: [db-b]

TASK [pgbackrest : Create pgBackRest directories] ******************************
ok: [db-b] => (item=/etc/pgbackrest)
ok: [db-b] => (item=/var/lib/pgbackrest)
ok: [db-b] => (item=/var/spool/pgbackrest)
ok: [db-b] => (item=/var/log/pgbackrest)

TASK [pgbackrest : Configure pgBackRest] ***************************************
ok: [db-b]

TASK [pgbackrest : Create the stanza (idempotent)] *****************************
ok: [db-b]

TASK [pgbackrest : Check archiving and both repositories] **********************
ok: [db-b]

TASK [pgbackrest : Read the backup inventory] **********************************
ok: [db-b]

TASK [pgbackrest : Take an initial full backup in each repository] *************
changed: [db-b] => (item=1)
skipping: [db-b] => (item=2) 

TASK [pgbackrest : Install backup units] ***************************************
changed: [db-b] => (item=pgbackrest-backup@.service)
changed: [db-b] => (item=pgbackrest-full.timer)
changed: [db-b] => (item=pgbackrest-incr.timer)

TASK [pgbackrest : Enable backup timers] ***************************************
changed: [db-b] => (item=pgbackrest-full.timer)
changed: [db-b] => (item=pgbackrest-incr.timer)

TASK [postgres_exporter : Create the postgres_exporter user] *******************
changed: [db-b]

TASK [postgres_exporter : Download postgres_exporter] **************************
changed: [db-b]

TASK [postgres_exporter : Unpack postgres_exporter] ****************************
changed: [db-b]

TASK [postgres_exporter : Install postgres_exporter] ***************************
changed: [db-b]

TASK [postgres_exporter : Install the postgres_exporter unit] ******************
changed: [db-b]

TASK [postgres_exporter : Start postgres_exporter] *****************************
changed: [db-b]

RUNNING HANDLER [postgres_exporter : Restart postgres_exporter] ****************
changed: [db-b]

PLAY [Application] *************************************************************

TASK [Gathering Facts] *********************************************************
ok: [app-b]

TASK [docsvc : Create the docsvc user] *****************************************
changed: [app-b]

TASK [docsvc : Install the docsvc binary] **************************************
changed: [app-b]

TASK [docsvc : Write the docsvc environment] ***********************************
changed: [app-b]

TASK [docsvc : Install the docsvc unit] ****************************************
changed: [app-b]

TASK [docsvc : Start or stop docsvc] *******************************************
changed: [app-b]

TASK [docsvc : Apply docsvc restarts now] **************************************

RUNNING HANDLER [docsvc : Restart docsvc] **************************************
changed: [app-b]

TASK [docsvc : Wait for docsvc readiness] **************************************
ok: [app-b]

PLAY RECAP *********************************************************************
app-b                      : ok=15   changed=9    unreachable=0    failed=0    skipped=0    rescued=0    ignored=0   
db-b                       : ok=70   changed=33   unreachable=0    failed=0    skipped=1    rescued=0    ignored=0   
obj-b                      : ok=29   changed=15   unreachable=0    failed=0    skipped=6    rescued=0    ignored=0   

# end 2026-10-07T18:42:53.25534438Z ok
