# step baseline-warm-standby (run) in phase recover
# start 2026-10-07T18:36:57.852170928Z
# attempt 1
active_site=a standby_site=b site_a_enabled=true site_b_enabled=true
local_file.inventory: Refreshing state... [id=ef97d985029700be6dcd2f0490d142c339706ae7]
data.sops_file.secrets: Reading...
data.sops_file.secrets: Read complete after 0s [id=-]
module.site["a"].module.node["app"].data.docker_image.this: Reading...
module.site["a"].module.node["obj"].data.docker_image.this: Reading...
module.site["b"].module.node["obj"].data.docker_image.this: Reading...
module.webhook.data.docker_image.this: Reading...
module.site["b"].module.node["db"].data.docker_image.this: Reading...
module.site["b"].module.node["app"].data.docker_image.this: Reading...
data.docker_network.wan: Reading...
module.site["a"].module.node["db"].data.docker_image.this: Reading...
docker_image.alertmanager: Refreshing state... [id=sha256:e9733bafb1bdef9b00e25a21f8f99dc26a22224bf16641ad754d1649f4c3357aprom/alertmanager:v0.34.1]
docker_image.coredns: Refreshing state... [id=sha256:9caabbf6238b189a65d0d6e6ac138de60d6a1c419e5a341fbbb7c78382559c6ecoredns/coredns:1.11.3]
data.docker_network.wan: Read complete after 0s [id=41924cf4b208fd467ee4642801a045d68416561c03ceda4d40fad14b383b6ec2]
docker_image.caddy: Refreshing state... [id=sha256:226d1f059b75399fe19182893c7184591c07b97afc8dfcf44eeb80c9a77a530fcaddy:2.8.4]
module.site["b"].module.node["db"].data.docker_image.this: Read complete after 2s [id=sha256:a5b1b27fc32fa2adaaf4ca34e98e1fba5f255b7200a5b6c82926334199fdcd8c]
module.site["a"].module.node["db"].data.docker_image.this: Read complete after 2s [id=sha256:a5b1b27fc32fa2adaaf4ca34e98e1fba5f255b7200a5b6c82926334199fdcd8c]
module.site["a"].module.node["app"].data.docker_image.this: Read complete after 2s [id=sha256:a5b1b27fc32fa2adaaf4ca34e98e1fba5f255b7200a5b6c82926334199fdcd8c]
module.site["b"].module.node["app"].data.docker_image.this: Read complete after 2s [id=sha256:a5b1b27fc32fa2adaaf4ca34e98e1fba5f255b7200a5b6c82926334199fdcd8c]
module.site["b"].module.node["obj"].data.docker_image.this: Read complete after 2s [id=sha256:a5b1b27fc32fa2adaaf4ca34e98e1fba5f255b7200a5b6c82926334199fdcd8c]
docker_image.prometheus: Refreshing state... [id=sha256:efd719c99d83b060d9daefdcf00360461adf279f45ef5391f8d111892118753eprom/prometheus:v3.15.0]
module.site["a"].docker_network.zone: Refreshing state... [id=753d1ba2f90f12ff2e18ee28aece3e6519f4ebc7c7d4e353d2b473f608858d2b]
module.vault.data.docker_image.this: Reading...
docker_network.vault: Refreshing state... [id=86c40c4609c729fbe4626e50b6a568862f986775c875e5f3bebe19c970970250]
module.site["b"].docker_network.zone: Refreshing state... [id=27f4c2a6dd1f6eb46dd65db477763094fb417db39401f8694762faac75b090ad]
module.site["a"].module.node["obj"].data.docker_image.this: Read complete after 2s [id=sha256:a5b1b27fc32fa2adaaf4ca34e98e1fba5f255b7200a5b6c82926334199fdcd8c]
docker_container.alertmanager: Refreshing state... [id=c4094a9a40c0ac7042bcbafbdf943504b8394d1e73949819a7a65974f10ce56d]
module.webhook.data.docker_image.this: Read complete after 2s [id=sha256:a5b1b27fc32fa2adaaf4ca34e98e1fba5f255b7200a5b6c82926334199fdcd8c]
module.webhook.docker_container.this: Refreshing state... [id=75b9f70114e9dfb5ee4fbcb7a91bd352c7aa0802df38cbaa3a99df5ab488e997]
docker_container.edge: Refreshing state... [id=33e623bf85cc1124014c0fa066f2860ba0c63ccd68bf75c45e77c25ae032844d]
docker_container.dns: Refreshing state... [id=17bb5f886b33d14aa184e4415a3bc79b011f8b762d4f18dd0e40b02101f6a69b]
module.vault.data.docker_image.this: Read complete after 0s [id=sha256:a5b1b27fc32fa2adaaf4ca34e98e1fba5f255b7200a5b6c82926334199fdcd8c]
docker_container.prometheus: Refreshing state... [id=5434607bcf85918abc622aef105842b552402974bcba306240b325ceafd2903d]
module.vault.docker_container.this: Refreshing state... [id=ecb3ff67db2291240fa72583b9558fa0ab7f70c16366dd2fc4c5094dfacf57e2]
module.site["b"].module.node["obj"].docker_container.this: Refreshing state... [id=b94b2367d5ada18ffa7cc6a1c28fffea84e46bf9a77c5aaca41727295689c24b]
module.site["a"].module.node["obj"].docker_container.this: Refreshing state... [id=49e89aa3b86665f6ceac74ba8e6662cec6d62f2e2ffda771f95d95cb0870962e]
module.site["a"].module.node["app"].docker_container.this: Refreshing state... [id=5dcb0efb74d91f09853c1be174ab071d14bc002b52d04eacfeec1cc3f3c4460b]
module.site["b"].module.node["app"].docker_container.this: Refreshing state... [id=dea6e49d3ff0a2b3e3be4c41e8724ec347b21494ad3519fc05a9fa2306392886]
module.site["b"].module.node["db"].docker_container.this: Refreshing state... [id=e3c59c8802b33a78eb13cc7a613c53b6c4de17f334ce4951946d32ef93ee0aba]
module.site["a"].module.node["db"].docker_container.this: Refreshing state... [id=ac37ae543475408b37131d5bdaa11f8f172c33e1cd257f8d2b4a3a29d789cbc8]

Terraform used the selected providers to generate the following execution
plan. Resource actions are indicated with the following symbols:
-/+ destroy and then create replacement

Terraform will perform the following actions:

  # local_file.inventory must be replaced
-/+ resource "local_file" "inventory" {
      ~ content              = <<-EOT # forces replacement
            "all":
              "children":
                "active":
                  "hosts":
                    "app-a": {}
                    "db-a": {}
                    "obj-a": {}
                "app":
                  "hosts":
                    "app-a":
                      "site": "a"
                      "wan_ip": "172.31.0.21"
                      "zone_subnet": "172.31.1.0/24"
                    "app-b":
                      "site": "b"
                      "wan_ip": "172.31.0.31"
                      "zone_subnet": "172.31.2.0/24"
                "db":
                  "hosts":
                    "db-a":
                      "site": "a"
                      "wan_ip": "172.31.0.22"
                      "zone_subnet": "172.31.1.0/24"
                    "db-b":
                      "site": "b"
                      "wan_ip": "172.31.0.32"
                      "zone_subnet": "172.31.2.0/24"
                "obj":
                  "hosts":
                    "obj-a":
                      "site": "a"
                      "wan_ip": "172.31.0.23"
                      "zone_subnet": "172.31.1.0/24"
                    "obj-b":
                      "site": "b"
                      "wan_ip": "172.31.0.33"
                      "zone_subnet": "172.31.2.0/24"
                "restores":
                  "hosts": {}
                "site_a":
                  "hosts":
                    "app-a": {}
                    "db-a": {}
                    "obj-a": {}
                "site_b":
                  "hosts":
                    "app-b": {}
                    "db-b": {}
                    "obj-b": {}
                "standby":
          -       "hosts": {}
          +       "hosts":
          +         "app-b": {}
          +         "db-b": {}
          +         "obj-b": {}
                "vaults":
                  "hosts":
                    "vault":
                      "wan_ip": "172.31.0.40"
                "webhooks":
                  "hosts":
                    "webhook":
                      "wan_ip": "172.31.0.12"
              "vars":
                "active_site": "a"
          -     "standby_site": ""
          +     "standby_site": "b"
        EOT
      ~ content_base64sha256 = "vVjGNUcORlM0igaKdn/HK7b/YWvCgDl0M3HsHivKsS8=" -> (known after apply)
      ~ content_base64sha512 = "Z6gdVLKNzxpYgTI+P6m0emP8CTFYVh/a+jbfzJKJFgkSNcPR2KwvcbKMdhPygd2nSd6WDTTAC/6lGD/uESFs9g==" -> (known after apply)
      ~ content_md5          = "523cc3b78605e7de432efe673eba8ed6" -> (known after apply)
      ~ content_sha1         = "ef97d985029700be6dcd2f0490d142c339706ae7" -> (known after apply)
      ~ content_sha256       = "bd58c635470e4653348a068a767fc72bb6ff616bc28039743371ec1e2bcab12f" -> (known after apply)
      ~ content_sha512       = "67a81d54b28dcf1a5881323e3fa9b47a63fc093158561fdafa36dfcc928916091235c3d1d8ac2f71b28c7613f281dda749de960d34c00bfea5183fee11216cf6" -> (known after apply)
      ~ id                   = "ef97d985029700be6dcd2f0490d142c339706ae7" -> (known after apply)
        # (3 unchanged attributes hidden)
    }

Plan: 1 to add, 0 to change, 1 to destroy.
local_file.inventory: Destroying... [id=ef97d985029700be6dcd2f0490d142c339706ae7]
local_file.inventory: Destruction complete after 0s
local_file.inventory: Creating...
local_file.inventory: Creation complete after 1s [id=ef3d17b321eeb62898fcc7d126ba57ff9902ad5b]

Apply complete! Resources: 1 added, 0 changed, 1 destroyed.

Outputs:

active_site = "a"
ip = {
  "alertmanager" = "172.31.0.14"
  "app-a" = "172.31.0.21"
  "app-b" = "172.31.0.31"
  "db-a" = "172.31.0.22"
  "db-b" = "172.31.0.32"
  "dns" = "172.31.0.10"
  "edge" = "172.31.0.11"
  "obj-a" = "172.31.0.23"
  "obj-b" = "172.31.0.33"
  "prometheus" = "172.31.0.13"
  "restore" = "172.31.0.50"
  "vault" = "172.31.0.40"
  "webhook" = "172.31.0.12"
}

PLAY [Prepare all nodes] *******************************************************

TASK [Wait for SSH] ************************************************************
ok: [webhook]
ok: [app-a]
ok: [obj-b]
ok: [db-a]
ok: [obj-a]
ok: [app-b]
ok: [vault]
ok: [db-b]

TASK [Load SOPS secrets] *******************************************************
ok: [app-a]
ok: [db-a]
ok: [obj-a]
ok: [app-b]
ok: [db-b]
ok: [obj-b]
ok: [vault]
ok: [webhook]

TASK [Gather facts] ************************************************************
ok: [webhook]
ok: [vault]
ok: [obj-b]
ok: [db-a]
ok: [app-b]
ok: [db-b]
ok: [app-a]
ok: [obj-a]

PLAY [Base configuration] ******************************************************

TASK [Gathering Facts] *********************************************************
ok: [app-a]
ok: [db-a]
ok: [obj-a]
ok: [app-b]
ok: [db-b]
ok: [obj-b]
ok: [vault]
ok: [webhook]

TASK [base : Install base packages] ********************************************
ok: [app-a]
ok: [webhook]
ok: [app-b]
ok: [vault]
ok: [obj-b]
ok: [obj-a]
ok: [db-b]
ok: [db-a]

TASK [base : Trust the disavery CA] ********************************************
ok: [webhook]
ok: [obj-a]
ok: [app-b]
ok: [obj-b]
ok: [app-a]
ok: [db-a]
ok: [vault]
ok: [db-b]

TASK [base : Apply CA changes now] *********************************************

TASK [base : Apply CA changes now] *********************************************

TASK [base : Apply CA changes now] *********************************************

TASK [base : Apply CA changes now] *********************************************

TASK [base : Apply CA changes now] *********************************************

TASK [base : Apply CA changes now] *********************************************

TASK [base : Apply CA changes now] *********************************************

TASK [base : Apply CA changes now] *********************************************

PLAY [Vault object store] ******************************************************

TASK [Gathering Facts] *********************************************************
ok: [vault]

TASK [minio : Create minio-user] ***********************************************
ok: [vault]

TASK [minio : Install MinIO server] ********************************************
ok: [vault]

TASK [minio : Install MinIO client] ********************************************
ok: [vault]

TASK [minio : Create MinIO directories] ****************************************
ok: [vault] => (item=/var/lib/minio)
ok: [vault] => (item=/etc/minio/certs)
ok: [vault] => (item=/etc/minio/certs/CAs)

TASK [minio : Trust the disavery CA for outbound TLS (replication)] ************
ok: [vault]

TASK [minio : Install the vault TLS certificate] *******************************
ok: [vault] => (item=public.crt)
ok: [vault] => (item=private.key)

TASK [minio : Write MinIO environment] *****************************************
ok: [vault]

TASK [minio : Install MinIO unit] **********************************************
ok: [vault]

TASK [minio : Start MinIO] *****************************************************
ok: [vault]

TASK [minio : Apply MinIO restarts now] ****************************************

TASK [minio : Wait for MinIO to be ready] **************************************
ok: [vault]

TASK [minio : Configure the local mc alias] ************************************
ok: [vault]

TASK [minio : Apply profile-specific configuration] ****************************
included: /work/infra/ansible/roles/minio/tasks/vault.yml for vault

TASK [minio : Create Object Lock buckets] **************************************
ok: [vault] => (item=pgbackrest)
ok: [vault] => (item=attachments)

TASK [minio : Set default compliance retention] ********************************
ok: [vault] => (item=pgbackrest)
ok: [vault] => (item=attachments)

TASK [minio : Read lifecycle rules] ********************************************
ok: [vault] => (item=pgbackrest)
ok: [vault] => (item=attachments)

TASK [minio : Expire noncurrent versions once the lock has lapsed] *************
skipping: [vault] => (item=pgbackrest) 
skipping: [vault] => (item=attachments) 
skipping: [vault]

TASK [minio : Write the production writer policy] ******************************
ok: [vault]

TASK [minio : Create the production writer policy] *****************************
ok: [vault]

TASK [minio : Create the production writer user] *******************************
ok: [vault]

TASK [minio : Read the production writer's policies] ***************************
ok: [vault]

TASK [minio : Attach the policy to the production writer] **********************
skipping: [vault]

TASK [minio : Install the replica lock sweeper] ********************************
ok: [vault] => (item=/usr/local/bin/vault-lock-sweeper)
ok: [vault] => (item=/etc/systemd/system/vault-lock-sweeper.service)
ok: [vault] => (item=/etc/systemd/system/vault-lock-sweeper.timer)

TASK [minio : Enable the replica lock sweeper] *********************************
ok: [vault]

PLAY [Site object stores] ******************************************************

TASK [Gathering Facts] *********************************************************
ok: [obj-a]
ok: [obj-b]

TASK [minio : Create minio-user] ***********************************************
ok: [obj-a]
ok: [obj-b]

TASK [minio : Install MinIO server] ********************************************
ok: [obj-b]
ok: [obj-a]

TASK [minio : Install MinIO client] ********************************************
ok: [obj-a]
ok: [obj-b]

TASK [minio : Create MinIO directories] ****************************************
ok: [obj-a] => (item=/var/lib/minio)
ok: [obj-b] => (item=/var/lib/minio)
ok: [obj-a] => (item=/etc/minio/certs)
ok: [obj-b] => (item=/etc/minio/certs)
ok: [obj-a] => (item=/etc/minio/certs/CAs)
ok: [obj-b] => (item=/etc/minio/certs/CAs)

TASK [minio : Trust the disavery CA for outbound TLS (replication)] ************
ok: [obj-a]
ok: [obj-b]

TASK [minio : Install the vault TLS certificate] *******************************
skipping: [obj-a] => (item=public.crt) 
skipping: [obj-a] => (item=private.key) 
skipping: [obj-a]
skipping: [obj-b] => (item=public.crt) 
skipping: [obj-b] => (item=private.key) 
skipping: [obj-b]

TASK [minio : Write MinIO environment] *****************************************
ok: [obj-a]
ok: [obj-b]

TASK [minio : Install MinIO unit] **********************************************
ok: [obj-a]
ok: [obj-b]

TASK [minio : Start MinIO] *****************************************************
ok: [obj-a]
ok: [obj-b]

TASK [minio : Apply MinIO restarts now] ****************************************

TASK [minio : Apply MinIO restarts now] ****************************************

TASK [minio : Wait for MinIO to be ready] **************************************
ok: [obj-a]
ok: [obj-b]

TASK [minio : Configure the local mc alias] ************************************
ok: [obj-a]
ok: [obj-b]

TASK [minio : Apply profile-specific configuration] ****************************
included: /work/infra/ansible/roles/minio/tasks/site.yml for obj-a, obj-b

TASK [minio : Create the attachments bucket] ***********************************
ok: [obj-a]
ok: [obj-b]

TASK [minio : Enable versioning] ***********************************************
ok: [obj-a]
ok: [obj-b]

TASK [minio : Copy the docsvc policy] ******************************************
ok: [obj-a]
ok: [obj-b]

TASK [minio : Create the docsvc policy] ****************************************
ok: [obj-a]
ok: [obj-b]

TASK [minio : Create the docsvc user] ******************************************
ok: [obj-a]
ok: [obj-b]

TASK [minio : Read the docsvc user's policies] *********************************
ok: [obj-a]
ok: [obj-b]

TASK [minio : Attach the policy to docsvc] *************************************
skipping: [obj-a]
skipping: [obj-b]

TASK [minio : Read replication rules] ******************************************
ok: [obj-a]
ok: [obj-b]

TASK [minio : Index replication rules by priority] *****************************
ok: [obj-a]
ok: [obj-b]

TASK [minio : Replicate attachments to the vault] ******************************
skipping: [obj-a]
skipping: [obj-b]

TASK [minio : Replicate attachments to the standby site] ***********************
skipping: [obj-b]
changed: [obj-a]

TASK [minio : Stop replicating to a site that is no longer a standby] **********
skipping: [obj-a]
changed: [obj-b]

TASK [minio : Point mc at the active site's store] *****************************
skipping: [obj-a]
ok: [obj-b]

TASK [minio : Copy the attachments the standby lacks] **************************
skipping: [obj-a]
changed: [obj-b]

PLAY [Primary database] ********************************************************

TASK [Gathering Facts] *********************************************************
ok: [db-a]

TASK [postgres : Add the PGDG signing key] *************************************
ok: [db-a]

TASK [postgres : Add the PGDG repository] **************************************
ok: [db-a]

TASK [postgres : Install postgresql-common] ************************************
ok: [db-a]

TASK [postgres : Create the createcluster.d directory] *************************
ok: [db-a]

TASK [postgres : Create new clusters with data checksums] **********************
ok: [db-a]

TASK [postgres : Install PostgreSQL] *******************************************
ok: [db-a]

TASK [postgres : Configure PostgreSQL] *****************************************
ok: [db-a]

TASK [postgres : Allow application and replication connections] ****************
ok: [db-a]

TASK [postgres : Let PostgreSQL authenticate as replicator to other sites] *****
ok: [db-a]

TASK [postgres : Create the PostgreSQL unit drop-in directory] *****************
ok: [db-a]

TASK [postgres : Checkpoint after every start so archive_timeout applies at once] ***
ok: [db-a]

TASK [postgres : Load the unit drop-in now] ************************************

TASK [postgres : Start PostgreSQL] *********************************************
ok: [db-a]

TASK [postgres : Apply PostgreSQL changes now] *********************************

TASK [postgres : Create the application role] **********************************
ok: [db-a]

TASK [postgres : Create the application database] ******************************
ok: [db-a]

TASK [postgres : Create the replication role] **********************************
ok: [db-a]

TASK [postgres : Allow the replication role to run pg_rewind] ******************
ok: [db-a]

TASK [postgres : Create the monitoring role] ***********************************
ok: [db-a]

TASK [postgres : Grant pg_monitor to the monitoring role] **********************
ok: [db-a]

TASK [postgres : Enable amcheck for integrity verification] ********************
ok: [db-a]

TASK [pgbackrest : Install pgBackRest] *****************************************
ok: [db-a]

TASK [pgbackrest : Remove the legacy configuration file] ***********************
ok: [db-a]

TASK [pgbackrest : Create pgBackRest directories] ******************************
ok: [db-a] => (item=/etc/pgbackrest)
ok: [db-a] => (item=/var/lib/pgbackrest)
ok: [db-a] => (item=/var/spool/pgbackrest)
ok: [db-a] => (item=/var/log/pgbackrest)

TASK [pgbackrest : Configure pgBackRest] ***************************************
ok: [db-a]

TASK [pgbackrest : Create the stanza (idempotent)] *****************************
ok: [db-a]

TASK [pgbackrest : Check archiving and both repositories] **********************
ok: [db-a]

TASK [pgbackrest : Read the backup inventory] **********************************
ok: [db-a]

TASK [pgbackrest : Take an initial full backup in each repository] *************
skipping: [db-a] => (item=1) 
skipping: [db-a] => (item=2) 
skipping: [db-a]

TASK [pgbackrest : Install backup units] ***************************************
ok: [db-a] => (item=pgbackrest-backup@.service)
ok: [db-a] => (item=pgbackrest-full.timer)
ok: [db-a] => (item=pgbackrest-incr.timer)

TASK [pgbackrest : Enable backup timers] ***************************************
ok: [db-a] => (item=pgbackrest-full.timer)
ok: [db-a] => (item=pgbackrest-incr.timer)

TASK [postgres_exporter : Create the postgres_exporter user] *******************
ok: [db-a]

TASK [postgres_exporter : Download postgres_exporter] **************************
ok: [db-a]

TASK [postgres_exporter : Unpack postgres_exporter] ****************************
skipping: [db-a]

TASK [postgres_exporter : Install postgres_exporter] ***************************
ok: [db-a]

TASK [postgres_exporter : Install the postgres_exporter unit] ******************
ok: [db-a]

TASK [postgres_exporter : Start postgres_exporter] *****************************
ok: [db-a]

PLAY [Standby database] ********************************************************

TASK [Gathering Facts] *********************************************************
ok: [db-b]

TASK [Install PostgreSQL] ******************************************************
included: postgres for db-b

TASK [postgres : Add the PGDG signing key] *************************************
ok: [db-b]

TASK [postgres : Add the PGDG repository] **************************************
ok: [db-b]

TASK [postgres : Install postgresql-common] ************************************
ok: [db-b]

TASK [postgres : Create the createcluster.d directory] *************************
ok: [db-b]

TASK [postgres : Create new clusters with data checksums] **********************
ok: [db-b]

TASK [postgres : Install PostgreSQL] *******************************************
ok: [db-b]

TASK [Configure PostgreSQL files] **********************************************
included: postgres for db-b

TASK [postgres : Configure PostgreSQL] *****************************************
ok: [db-b]

TASK [postgres : Allow application and replication connections] ****************
ok: [db-b]

TASK [postgres : Let PostgreSQL authenticate as replicator to other sites] *****
ok: [db-b]

TASK [postgres : Create the PostgreSQL unit drop-in directory] *****************
ok: [db-b]

TASK [postgres : Checkpoint after every start so archive_timeout applies at once] ***
ok: [db-b]

TASK [postgres : Load the unit drop-in now] ************************************

TASK [Install and configure pgBackRest] ****************************************
included: pgbackrest for db-b

TASK [pgbackrest : Install pgBackRest] *****************************************
ok: [db-b]

TASK [pgbackrest : Remove the legacy configuration file] ***********************
ok: [db-b]

TASK [pgbackrest : Create pgBackRest directories] ******************************
ok: [db-b] => (item=/etc/pgbackrest)
ok: [db-b] => (item=/var/lib/pgbackrest)
ok: [db-b] => (item=/var/spool/pgbackrest)
ok: [db-b] => (item=/var/log/pgbackrest)

TASK [pgbackrest : Configure pgBackRest] ***************************************
ok: [db-b]

TASK [replica : Fetch WAL from the repositories when streaming falls behind] ***
ok: [db-b]

TASK [replica : Check whether this node is already a standby] ******************
ok: [db-b]

TASK [replica : Stop PostgreSQL] ***********************************************
skipping: [db-b]

TASK [replica : Remove the initial cluster's data] *****************************
skipping: [db-b]

TASK [replica : Copy the primary with pg_basebackup] ***************************
skipping: [db-b]

TASK [replica : Start PostgreSQL] **********************************************
changed: [db-b]

TASK [replica : Apply PostgreSQL changes now] **********************************

TASK [replica : Wait until the standby streams from the primary] ***************
ok: [db-b]

TASK [postgres_exporter : Create the postgres_exporter user] *******************
ok: [db-b]

TASK [postgres_exporter : Download postgres_exporter] **************************
ok: [db-b]

TASK [postgres_exporter : Unpack postgres_exporter] ****************************
skipping: [db-b]

TASK [postgres_exporter : Install postgres_exporter] ***************************
ok: [db-b]

TASK [postgres_exporter : Install the postgres_exporter unit] ******************
ok: [db-b]

TASK [postgres_exporter : Start postgres_exporter] *****************************
ok: [db-b]

PLAY [Payment provider mock] ***************************************************

TASK [Gathering Facts] *********************************************************
ok: [webhook]

TASK [webhookmock : Install the webhookmock binary] ****************************
ok: [webhook]

TASK [webhookmock : Write the webhookmock environment] *************************
ok: [webhook]

TASK [webhookmock : Install the webhookmock unit] ******************************
ok: [webhook]

TASK [webhookmock : Start webhookmock] *****************************************
ok: [webhook]

TASK [webhookmock : Apply webhookmock restarts now] ****************************

TASK [webhookmock : Wait for webhookmock] **************************************
ok: [webhook]

PLAY [Applications] ************************************************************

TASK [Gathering Facts] *********************************************************
ok: [app-a]
ok: [app-b]

TASK [docsvc : Create the docsvc user] *****************************************
ok: [app-a]
ok: [app-b]

TASK [docsvc : Install the docsvc binary] **************************************
ok: [app-a]
ok: [app-b]

TASK [docsvc : Write the docsvc environment] ***********************************
ok: [app-a]
ok: [app-b]

TASK [docsvc : Install the docsvc unit] ****************************************
ok: [app-a]
ok: [app-b]

TASK [docsvc : Start or stop docsvc] *******************************************
ok: [app-a]
ok: [app-b]

TASK [docsvc : Apply docsvc restarts now] **************************************

TASK [docsvc : Apply docsvc restarts now] **************************************

TASK [docsvc : Wait for docsvc readiness] **************************************
skipping: [app-b]
ok: [app-a]

PLAY [Monitoring targets] ******************************************************

TASK [monitoring_targets : Publish the database scrape targets] ****************
changed: [localhost]

PLAY RECAP *********************************************************************
app-a                      : ok=13   changed=0    unreachable=0    failed=0    skipped=0    rescued=0    ignored=0   
app-b                      : ok=12   changed=0    unreachable=0    failed=0    skipped=1    rescued=0    ignored=0   
db-a                       : ok=40   changed=0    unreachable=0    failed=0    skipped=2    rescued=0    ignored=0   
db-b                       : ok=34   changed=1    unreachable=0    failed=0    skipped=4    rescued=0    ignored=0   
localhost                  : ok=1    changed=1    unreachable=0    failed=0    skipped=0    rescued=0    ignored=0   
obj-a                      : ok=27   changed=1    unreachable=0    failed=0    skipped=6    rescued=0    ignored=0   
obj-b                      : ok=29   changed=2    unreachable=0    failed=0    skipped=4    rescued=0    ignored=0   
vault                      : ok=28   changed=0    unreachable=0    failed=0    skipped=2    rescued=0    ignored=0   
webhook                    : ok=12   changed=0    unreachable=0    failed=0    skipped=0    rescued=0    ignored=0   

# end 2026-10-07T18:38:31.848831005Z ok
