# step repoint-traffic (run) in phase recover
# start 2026-10-07T18:36:38.776115084Z
# attempt 1
active_site=a standby_site= site_a_enabled=true site_b_enabled=true
data.sops_file.secrets: Reading...
local_file.inventory: Refreshing state... [id=613e9ab57b0cb9cafd60ba6da53226d8dd4dc57a]
data.sops_file.secrets: Read complete after 0s [id=-]
data.docker_network.wan: Reading...
docker_image.coredns: Refreshing state... [id=sha256:9caabbf6238b189a65d0d6e6ac138de60d6a1c419e5a341fbbb7c78382559c6ecoredns/coredns:1.11.3]
docker_image.caddy: Refreshing state... [id=sha256:226d1f059b75399fe19182893c7184591c07b97afc8dfcf44eeb80c9a77a530fcaddy:2.8.4]
data.docker_network.wan: Read complete after 0s [id=41924cf4b208fd467ee4642801a045d68416561c03ceda4d40fad14b383b6ec2]
docker_container.dns: Refreshing state... [id=274a7e1379b37adc931f025563b6455fff1b24cbd77ca524e3d3f7e35429028f]
docker_container.edge: Refreshing state... [id=adc9185fff24aa332ca94523f0a83c40b1df826c164d7b71e4a5b2e9cb68b849]

Terraform used the selected providers to generate the following execution
plan. Resource actions are indicated with the following symbols:
-/+ destroy and then create replacement

Terraform will perform the following actions:

  # docker_container.dns must be replaced
-/+ resource "docker_container" "dns" {
      + bridge                                      = (known after apply)
      + container_logs                              = (known after apply)
      - cpu_shares                                  = 0 -> null
      - dns                                         = [] -> null
      - dns_opts                                    = [] -> null
      - dns_search                                  = [] -> null
      ~ entrypoint                                  = [
          - "/coredns",
        ] -> (known after apply)
      ~ env                                         = [] -> (known after apply)
      + exit_code                                   = (known after apply)
      - group_add                                   = [] -> null
      ~ hostname                                    = "274a7e1379b3" -> (known after apply)
      ~ id                                          = "274a7e1379b37adc931f025563b6455fff1b24cbd77ca524e3d3f7e35429028f" -> (known after apply)
      ~ init                                        = false -> (known after apply)
      ~ ipc_mode                                    = "private" -> (known after apply)
      ~ log_driver                                  = "json-file" -> (known after apply)
      - log_opts                                    = {} -> null
      - max_retry_count                             = 0 -> null
      - memory                                      = 0 -> null
      - memory_swap                                 = 0 -> null
        name                                        = "dns"
      ~ network_data                                = [
          - {
              - gateway                   = "172.31.0.1"
              - global_ipv6_prefix_length = 0
              - ip_address                = "172.31.0.10"
              - ip_prefix_length          = 24
              - mac_address               = "7e:c1:ad:cb:22:0f"
              - network_name              = "disavery-wan"
                # (2 unchanged attributes hidden)
            },
        ] -> (known after apply)
      - privileged                                  = false -> null
      - publish_all_ports                           = false -> null
      ~ runtime                                     = "runc" -> (known after apply)
      ~ security_opts                               = [] -> (known after apply)
      ~ shm_size                                    = 64 -> (known after apply)
      + stop_signal                                 = (known after apply)
      ~ stop_timeout                                = 0 -> (known after apply)
      - storage_opts                                = {} -> null
      - sysctls                                     = {} -> null
      - tmpfs                                       = {} -> null
      - user                                        = "nonroot:nonroot" -> null
      - working_dir                                 = "/home/nonroot" -> null
        # (20 unchanged attributes hidden)

      ~ healthcheck (known after apply)

      - upload { # forces replacement
          - content        = <<-EOT
                disavery.test:53 {
                    hosts {
                        172.31.0.11 docs.disavery.test
                        172.31.0.31 direct.docs.disavery.test
                        ttl 30
                    }
                    errors
                    log
                }
                
                .:53 {
                    forward . /etc/resolv.conf
                    cache 30
                    errors
                }
            EOT -> null
          - executable     = false -> null
          - file           = "/Corefile" -> null
            # (3 unchanged attributes hidden)
        }
      + upload { # forces replacement
          + content        = <<-EOT
                disavery.test:53 {
                    hosts {
                        172.31.0.11 docs.disavery.test
                        172.31.0.21 direct.docs.disavery.test
                        ttl 30
                    }
                    errors
                    log
                }
                
                .:53 {
                    forward . /etc/resolv.conf
                    cache 30
                    errors
                }
            EOT
          + executable     = false
          + file           = "/Corefile"
            # (3 unchanged attributes hidden)
        }

        # (2 unchanged blocks hidden)
    }

  # docker_container.edge must be replaced
-/+ resource "docker_container" "edge" {
      + bridge                                      = (known after apply)
      ~ command                                     = [
          - "caddy",
          - "run",
          - "--config",
          - "/etc/caddy/Caddyfile",
          - "--adapter",
          - "caddyfile",
        ] -> (known after apply)
      + container_logs                              = (known after apply)
      - cpu_shares                                  = 0 -> null
      - dns_opts                                    = [] -> null
      - dns_search                                  = [] -> null
      ~ entrypoint                                  = [] -> (known after apply)
      ~ env                                         = [] -> (known after apply)
      + exit_code                                   = (known after apply)
      - group_add                                   = [] -> null
      ~ hostname                                    = "adc9185fff24" -> (known after apply)
      ~ id                                          = "adc9185fff24aa332ca94523f0a83c40b1df826c164d7b71e4a5b2e9cb68b849" -> (known after apply)
      ~ init                                        = false -> (known after apply)
      ~ ipc_mode                                    = "private" -> (known after apply)
      ~ log_driver                                  = "json-file" -> (known after apply)
      - log_opts                                    = {} -> null
      - max_retry_count                             = 0 -> null
      - memory                                      = 0 -> null
      - memory_swap                                 = 0 -> null
        name                                        = "edge"
      ~ network_data                                = [
          - {
              - gateway                   = "172.31.0.1"
              - global_ipv6_prefix_length = 0
              - ip_address                = "172.31.0.11"
              - ip_prefix_length          = 24
              - mac_address               = "26:1c:70:a1:32:97"
              - network_name              = "disavery-wan"
                # (2 unchanged attributes hidden)
            },
        ] -> (known after apply)
      - privileged                                  = false -> null
      - publish_all_ports                           = false -> null
      ~ runtime                                     = "runc" -> (known after apply)
      ~ security_opts                               = [] -> (known after apply)
      ~ shm_size                                    = 64 -> (known after apply)
      + stop_signal                                 = (known after apply)
      ~ stop_timeout                                = 0 -> (known after apply)
      - storage_opts                                = {} -> null
      - sysctls                                     = {} -> null
      - tmpfs                                       = {} -> null
      - working_dir                                 = "/srv" -> null
        # (21 unchanged attributes hidden)

      ~ healthcheck (known after apply)

      - upload { # forces replacement
          # At least one attribute in this block is (or was) sensitive,
          # so its contents will not be displayed.
        }
      + upload { # forces replacement
          # At least one attribute in this block is (or was) sensitive,
          # so its contents will not be displayed.
        }

        # (5 unchanged blocks hidden)
    }

  # local_file.inventory must be replaced
-/+ resource "local_file" "inventory" {
      ~ content              = <<-EOT # forces replacement
            "all":
              "children":
                "active":
                  "hosts":
          -         "app-b": {}
          -         "db-b": {}
          -         "obj-b": {}
          +         "app-a": {}
          +         "db-a": {}
          +         "obj-a": {}
                "app":
                  "hosts":
                    "app-a":
                      "site": "a"
                      "wan_ip": "172.31.0.21"
                      "zone_subnet": "172.31.1.0/24"
                    "app-b":
                      "site": "b"
                      "wan_ip": "172.31.0.31"
                      "zone_subnet": "172.31.2.0/24"
                "db":
                  "hosts":
                    "db-a":
                      "site": "a"
                      "wan_ip": "172.31.0.22"
                      "zone_subnet": "172.31.1.0/24"
                    "db-b":
                      "site": "b"
                      "wan_ip": "172.31.0.32"
                      "zone_subnet": "172.31.2.0/24"
                "obj":
                  "hosts":
                    "obj-a":
                      "site": "a"
                      "wan_ip": "172.31.0.23"
                      "zone_subnet": "172.31.1.0/24"
                    "obj-b":
                      "site": "b"
                      "wan_ip": "172.31.0.33"
                      "zone_subnet": "172.31.2.0/24"
                "restores":
                  "hosts": {}
                "site_a":
                  "hosts":
                    "app-a": {}
                    "db-a": {}
                    "obj-a": {}
                "site_b":
                  "hosts":
                    "app-b": {}
                    "db-b": {}
                    "obj-b": {}
                "standby":
          -       "hosts":
          -         "app-a": {}
          -         "db-a": {}
          -         "obj-a": {}
          +       "hosts": {}
                "vaults":
                  "hosts":
                    "vault":
                      "wan_ip": "172.31.0.40"
                "webhooks":
                  "hosts":
                    "webhook":
                      "wan_ip": "172.31.0.12"
              "vars":
          -     "active_site": "b"
          -     "standby_site": "a"
          +     "active_site": "a"
          +     "standby_site": ""
        EOT
      ~ content_base64sha256 = "sUgPFDhTxHtvIaxc7q1H9MT9HU0UcatmMvPlP55zzCg=" -> (known after apply)
      ~ content_base64sha512 = "P/D92Qy7FTFMJ6sH6zClKThy+EwGStzt1Brpva6Trh+9FbMzga2B9PXGCmxOlxsGeo4msIKW9puQ9lE26lxwdw==" -> (known after apply)
      ~ content_md5          = "55c7affb843f989537c56b38130767db" -> (known after apply)
      ~ content_sha1         = "613e9ab57b0cb9cafd60ba6da53226d8dd4dc57a" -> (known after apply)
      ~ content_sha256       = "b1480f143853c47b6f21ac5ceead47f4c4fd1d4d1471ab6632f3e53f9e73cc28" -> (known after apply)
      ~ content_sha512       = "3ff0fdd90cbb15314c27ab07eb30a5293872f84c064adcedd41ae9bdae93ae1fbd15b33381ad81f4f5c60a6c4e971b067a8e26b08296f69b90f65136ea5c7077" -> (known after apply)
      ~ id                   = "613e9ab57b0cb9cafd60ba6da53226d8dd4dc57a" -> (known after apply)
        # (3 unchanged attributes hidden)
    }

Plan: 3 to add, 0 to change, 3 to destroy.
local_file.inventory: Destroying... [id=613e9ab57b0cb9cafd60ba6da53226d8dd4dc57a]
local_file.inventory: Destruction complete after 0s
docker_container.dns: Destroying... [id=274a7e1379b37adc931f025563b6455fff1b24cbd77ca524e3d3f7e35429028f]
docker_container.edge: Destroying... [id=adc9185fff24aa332ca94523f0a83c40b1df826c164d7b71e4a5b2e9cb68b849]
local_file.inventory: Creating...
local_file.inventory: Creation complete after 0s [id=ef97d985029700be6dcd2f0490d142c339706ae7]
docker_container.dns: Destruction complete after 0s
docker_container.dns: Creating...
docker_container.edge: Destruction complete after 0s
docker_container.edge: Creating...
docker_container.dns: Creation complete after 1s [id=17bb5f886b33d14aa184e4415a3bc79b011f8b762d4f18dd0e40b02101f6a69b]
docker_container.edge: Creation complete after 2s [id=33e623bf85cc1124014c0fa066f2860ba0c63ccd68bf75c45e77c25ae032844d]

Warning: Resource targeting is in effect

You are creating a plan with the -target option, which means that the result
of this plan may not represent all of the changes requested by the current
configuration.

The -target option is not for routine use, and is provided only for
exceptional situations such as recovering from errors or mistakes, or when
Terraform specifically suggests to use it as part of an error message.

Warning: Applied changes may be incomplete

The plan was created with the -target option in effect, so some changes
requested in the configuration may have been ignored and the output values
may not be fully updated. Run the following command to verify that no other
changes are pending:
    terraform plan

Note that the -target option is not suitable for routine use, and is provided
only for exceptional situations such as recovering from errors or mistakes,
or when Terraform specifically suggests to use it as part of an error
message.

Apply complete! Resources: 3 added, 0 changed, 3 destroyed.

Outputs:

active_site = "a"
ip = {
  "alertmanager" = "172.31.0.14"
  "app-a" = "172.31.0.21"
  "app-b" = "172.31.0.31"
  "db-a" = "172.31.0.22"
  "db-b" = "172.31.0.32"
  "dns" = "172.31.0.10"
  "edge" = "172.31.0.11"
  "obj-a" = "172.31.0.23"
  "obj-b" = "172.31.0.33"
  "prometheus" = "172.31.0.13"
  "restore" = "172.31.0.50"
  "vault" = "172.31.0.40"
  "webhook" = "172.31.0.12"
}
# end 2026-10-07T18:36:42.551968159Z ok
