# step provision-restore-node (run) in phase recover
# start 2026-10-08T14:15:02.209484982Z
# attempt 1
local_file.inventory: Refreshing state... [id=0b17e6ea766b23effcff91ba7c71c0b1d10805b3]
data.sops_file.secrets: Reading...
data.sops_file.secrets: Read complete after 0s [id=-]
module.site["a"].module.node["app"].data.docker_image.this: Reading...
module.site["a"].module.node["db"].data.docker_image.this: Reading...
module.vault.data.docker_image.this: Reading...
docker_image.prometheus: Refreshing state... [id=sha256:efd719c99d83b060d9daefdcf00360461adf279f45ef5391f8d111892118753eprom/prometheus:v3.15.0]
data.docker_network.wan: Reading...
module.site["a"].module.node["obj"].data.docker_image.this: Reading...
module.site["a"].docker_network.zone: Refreshing state... [id=753d1ba2f90f12ff2e18ee28aece3e6519f4ebc7c7d4e353d2b473f608858d2b]
docker_image.caddy: Refreshing state... [id=sha256:226d1f059b75399fe19182893c7184591c07b97afc8dfcf44eeb80c9a77a530fcaddy:2.8.4]
docker_network.vault: Refreshing state... [id=86c40c4609c729fbe4626e50b6a568862f986775c875e5f3bebe19c970970250]
data.docker_network.wan: Read complete after 0s [id=41924cf4b208fd467ee4642801a045d68416561c03ceda4d40fad14b383b6ec2]
module.webhook.data.docker_image.this: Reading...
docker_image.alertmanager: Refreshing state... [id=sha256:e9733bafb1bdef9b00e25a21f8f99dc26a22224bf16641ad754d1649f4c3357aprom/alertmanager:v0.34.1]
module.site["a"].module.node["db"].data.docker_image.this: Read complete after 0s [id=sha256:a5b1b27fc32fa2adaaf4ca34e98e1fba5f255b7200a5b6c82926334199fdcd8c]
docker_image.coredns: Refreshing state... [id=sha256:9caabbf6238b189a65d0d6e6ac138de60d6a1c419e5a341fbbb7c78382559c6ecoredns/coredns:1.11.3]
module.vault.data.docker_image.this: Read complete after 0s [id=sha256:a5b1b27fc32fa2adaaf4ca34e98e1fba5f255b7200a5b6c82926334199fdcd8c]
module.webhook.data.docker_image.this: Read complete after 0s [id=sha256:a5b1b27fc32fa2adaaf4ca34e98e1fba5f255b7200a5b6c82926334199fdcd8c]
module.restore[0].data.docker_image.this: Reading...
module.site["a"].module.node["app"].data.docker_image.this: Read complete after 0s [id=sha256:a5b1b27fc32fa2adaaf4ca34e98e1fba5f255b7200a5b6c82926334199fdcd8c]
module.site["a"].module.node["obj"].data.docker_image.this: Read complete after 0s [id=sha256:a5b1b27fc32fa2adaaf4ca34e98e1fba5f255b7200a5b6c82926334199fdcd8c]
module.webhook.docker_container.this: Refreshing state... [id=88807414fabc0814461d7b13368983cb53073eb9b06c805654e2c795b16b8b8f]
docker_container.prometheus: Refreshing state... [id=39fe592217e372ea3154ab283bbfaff4e0382f8751a67a3bfdea4b40cdcb4b74]
docker_container.alertmanager: Refreshing state... [id=30229a49d34120044ea20e11fc657d7f65214d4e0019051181ac1411a35010d5]
docker_container.edge: Refreshing state... [id=6b5b507f63c20d4e13c8af75bda85287acfcdb1ce04aa34a4425fd59baeefdbe]
module.restore[0].data.docker_image.this: Read complete after 1s [id=sha256:a5b1b27fc32fa2adaaf4ca34e98e1fba5f255b7200a5b6c82926334199fdcd8c]
docker_container.dns: Refreshing state... [id=ac8e64563253188ff8a7472d810443aade408a8f62823319f8c6a0d3c9fa3c74]
module.vault.docker_container.this: Refreshing state... [id=935c702955fbb5b4089c4b90bf8a5fc93da4f364c572bad0ab3052ade7686c26]
module.site["a"].module.node["app"].docker_container.this: Refreshing state... [id=fde8b5621d2658cd358c66b057467d25de2c50c55f8582abfbe193db4731f0b6]
module.site["a"].module.node["db"].docker_container.this: Refreshing state... [id=fa4603c4cc6a45d3d616d0b05a6ed91c3945b1d431e404d28f4ccc1caf3b19cc]
module.site["a"].module.node["obj"].docker_container.this: Refreshing state... [id=9c17d500cf5604954e2b413b5e40f4f38f438d86dafe7a3c3e1f7dc843e661c3]

Terraform used the selected providers to generate the following execution
plan. Resource actions are indicated with the following symbols:
  + create
-/+ destroy and then create replacement

Terraform will perform the following actions:

  # local_file.inventory must be replaced
-/+ resource "local_file" "inventory" {
      ~ content              = <<-EOT # forces replacement
            "all":
              "children":
                "active":
                  "hosts":
                    "app-a": {}
                    "db-a": {}
                    "obj-a": {}
                "app":
                  "hosts":
                    "app-a":
                      "site": "a"
                      "wan_ip": "172.31.0.21"
                      "zone_subnet": "172.31.1.0/24"
                "db":
                  "hosts":
                    "db-a":
                      "site": "a"
                      "wan_ip": "172.31.0.22"
                      "zone_subnet": "172.31.1.0/24"
                "obj":
                  "hosts":
                    "obj-a":
                      "site": "a"
                      "wan_ip": "172.31.0.23"
                      "zone_subnet": "172.31.1.0/24"
                "restores":
          -       "hosts": {}
          +       "hosts":
          +         "restore":
          +           "wan_ip": "172.31.0.50"
                "site_a":
                  "hosts":
                    "app-a": {}
                    "db-a": {}
                    "obj-a": {}
                "site_b":
                  "hosts": {}
                "standby":
                  "hosts": {}
                "vaults":
                  "hosts":
                    "vault":
                      "wan_ip": "172.31.0.40"
                "webhooks":
                  "hosts":
                    "webhook":
                      "wan_ip": "172.31.0.12"
              "vars":
                "active_site": "a"
                "standby_site": ""
        EOT
      ~ content_base64sha256 = "paOj+5q9UTfwRsbgXcTUlge5YvL5npZC+xeUsr7bL78=" -> (known after apply)
      ~ content_base64sha512 = "cBUFBiwl6+1awd2/UzEbg5O6dxDEk8hm9xAG7MW5hzU9haSA+pO0uu66nNU5pKiBoz8PE3i6QNTxJ9nJLp1v4g==" -> (known after apply)
      ~ content_md5          = "e7bdbdb1b1119ec1e3aa18a9512c73c1" -> (known after apply)
      ~ content_sha1         = "0b17e6ea766b23effcff91ba7c71c0b1d10805b3" -> (known after apply)
      ~ content_sha256       = "a5a3a3fb9abd5137f046c6e05dc4d49607b962f2f99e9642fb1794b2bedb2fbf" -> (known after apply)
      ~ content_sha512       = "701505062c25ebed5ac1ddbf53311b8393ba7710c493c866f71006ecc5b987353d85a480fa93b4baeeba9cd539a4a881a33f0f1378ba40d4f127d9c92e9d6fe2" -> (known after apply)
      ~ id                   = "0b17e6ea766b23effcff91ba7c71c0b1d10805b3" -> (known after apply)
        # (3 unchanged attributes hidden)
    }

  # module.restore[0].docker_container.this will be created
  + resource "docker_container" "this" {
      + attach                                      = false
      + bridge                                      = (known after apply)
      + command                                     = (known after apply)
      + container_logs                              = (known after apply)
      + container_read_refresh_timeout_milliseconds = 15000
      + dns                                         = [
          + "172.31.0.10",
        ]
      + entrypoint                                  = (known after apply)
      + env                                         = (known after apply)
      + exit_code                                   = (known after apply)
      + hostname                                    = "restore"
      + id                                          = (known after apply)
      + image                                       = "sha256:a5b1b27fc32fa2adaaf4ca34e98e1fba5f255b7200a5b6c82926334199fdcd8c"
      + init                                        = (known after apply)
      + ipc_mode                                    = (known after apply)
      + log_driver                                  = (known after apply)
      + logs                                        = false
      + must_run                                    = true
      + name                                        = "restore"
      + network_data                                = (known after apply)
      + network_mode                                = "bridge"
      + privileged                                  = true
      + read_only                                   = false
      + remove_volumes                              = true
      + restart                                     = "no"
      + rm                                          = false
      + runtime                                     = (known after apply)
      + security_opts                               = (known after apply)
      + shm_size                                    = (known after apply)
      + start                                       = true
      + stdin_open                                  = false
      + stop_signal                                 = (known after apply)
      + stop_timeout                                = (known after apply)
      + tmpfs                                       = {
          + "/run"      = "rw"
          + "/run/lock" = "rw"
        }
      + tty                                         = false
      + wait                                        = false
      + wait_timeout                                = 60

      + healthcheck (known after apply)

      + labels {
          + label = "disavery.env"
          + value = "drill"
        }
      + labels {
          + label = "disavery.node"
          + value = "restore"
        }
      + labels {
          + label = "disavery.role"
          + value = "restore"
        }

      + networks_advanced {
          + aliases      = [
              + "restore",
            ]
          + ipv4_address = "172.31.0.50"
          + name         = "disavery-wan"
            # (1 unchanged attribute hidden)
        }

      + upload {
          + content        = <<-EOT
                ssh-ed25519 AAAAC3NzaC1lZDI1NTE5AAAAIKEeLGgZ409CSmAsXXdcuReyhhsR5SqJ9rqS06BDBgtg disavery
            EOT
          + executable     = false
          + file           = "/root/.ssh/authorized_keys"
            # (3 unchanged attributes hidden)
        }
    }

Plan: 2 to add, 0 to change, 1 to destroy.
local_file.inventory: Destroying... [id=0b17e6ea766b23effcff91ba7c71c0b1d10805b3]
local_file.inventory: Destruction complete after 0s
local_file.inventory: Creating...
module.restore[0].docker_container.this: Creating...
local_file.inventory: Creation complete after 0s [id=b642ded9f5da2efaabd3958be8964a34616818c2]
module.restore[0].docker_container.this: Creation complete after 1s [id=e67ef275e321b5034e07e899c51b52faf97bab1cba97b6eab303c3d069bd7ae4]

Apply complete! Resources: 2 added, 0 changed, 1 destroyed.

Outputs:

active_site = "a"
ip = {
  "alertmanager" = "172.31.0.14"
  "app-a" = "172.31.0.21"
  "app-b" = "172.31.0.31"
  "db-a" = "172.31.0.22"
  "db-b" = "172.31.0.32"
  "dns" = "172.31.0.10"
  "edge" = "172.31.0.11"
  "obj-a" = "172.31.0.23"
  "obj-b" = "172.31.0.33"
  "prometheus" = "172.31.0.13"
  "restore" = "172.31.0.50"
  "vault" = "172.31.0.40"
  "webhook" = "172.31.0.12"
}
# end 2026-10-08T14:15:05.881486455Z ok
